[2020-11-06T13:52:10.811+0000][gc,heap] Heap region size: 1M
[2020-11-06T13:52:10.818+0000][gc     ] Using G1
[2020-11-06T13:52:10.818+0000][gc,heap,coops] Heap address: 0x00000007c0000000, size: 1024 MB, Compressed Oops mode: Zero based, Oop shift amount: 3
[2020-11-06T13:52:11.536+0000][gc,start     ] GC(0) Pause Young (Concurrent Start) (Metadata GC Threshold)
[2020-11-06T13:52:11.536+0000][gc,task      ] GC(0) Using 8 workers of 8 for evacuation
[2020-11-06T13:52:11.542+0000][gc,phases    ] GC(0)   Pre Evacuate Collection Set: 0.0ms
[2020-11-06T13:52:11.542+0000][gc,phases    ] GC(0)   Evacuate Collection Set: 5.8ms
[2020-11-06T13:52:11.542+0000][gc,phases    ] GC(0)   Post Evacuate Collection Set: 0.4ms
[2020-11-06T13:52:11.543+0000][gc,phases    ] GC(0)   Other: 0.7ms
[2020-11-06T13:52:11.543+0000][gc,heap      ] GC(0) Eden regions: 41->0(44)
[2020-11-06T13:52:11.543+0000][gc,heap      ] GC(0) Survivor regions: 0->7(7)
[2020-11-06T13:52:11.543+0000][gc,heap      ] GC(0) Old regions: 0->0
[2020-11-06T13:52:11.543+0000][gc,heap      ] GC(0) Humongous regions: 0->0
[2020-11-06T13:52:11.543+0000][gc,metaspace ] GC(0) Metaspace: 20663K->20663K(1069056K)
[2020-11-06T13:52:11.543+0000][gc           ] GC(0) Pause Young (Concurrent Start) (Metadata GC Threshold) 41M->6M(1024M) 7.001ms
[2020-11-06T13:52:11.543+0000][gc,cpu       ] GC(0) User=0.02s Sys=0.01s Real=0.01s
[2020-11-06T13:52:11.543+0000][gc           ] GC(1) Concurrent Cycle
[2020-11-06T13:52:11.543+0000][gc,marking   ] GC(1) Concurrent Clear Claimed Marks
[2020-11-06T13:52:11.543+0000][gc,marking   ] GC(1) Concurrent Clear Claimed Marks 0.014ms
[2020-11-06T13:52:11.543+0000][gc,marking   ] GC(1) Concurrent Scan Root Regions
[2020-11-06T13:52:11.544+0000][gc,marking   ] GC(1) Concurrent Scan Root Regions 1.456ms
[2020-11-06T13:52:11.544+0000][gc,marking   ] GC(1) Concurrent Mark (0.744s)
[2020-11-06T13:52:11.544+0000][gc,marking   ] GC(1) Concurrent Mark From Roots
[2020-11-06T13:52:11.544+0000][gc,task      ] GC(1) Using 2 workers of 2 for marking
[2020-11-06T13:52:11.544+0000][gc,marking   ] GC(1) Concurrent Mark From Roots 0.192ms
[2020-11-06T13:52:11.544+0000][gc,marking   ] GC(1) Concurrent Preclean
[2020-11-06T13:52:11.544+0000][gc,marking   ] GC(1) Concurrent Preclean 0.035ms
[2020-11-06T13:52:11.544+0000][gc,marking   ] GC(1) Concurrent Mark (0.744s, 0.744s) 0.270ms
[2020-11-06T13:52:11.545+0000][gc,start     ] GC(1) Pause Remark
[2020-11-06T13:52:11.546+0000][gc,stringtable] GC(1) Cleaned string and symbol table, strings: 7378 processed, 0 removed, symbols: 63818 processed, 29 removed
[2020-11-06T13:52:11.546+0000][gc            ] GC(1) Pause Remark 6M->6M(1024M) 1.713ms
[2020-11-06T13:52:11.546+0000][gc,cpu        ] GC(1) User=0.01s Sys=0.00s Real=0.00s
[2020-11-06T13:52:11.546+0000][gc,marking    ] GC(1) Concurrent Rebuild Remembered Sets
[2020-11-06T13:52:11.546+0000][gc,marking    ] GC(1) Concurrent Rebuild Remembered Sets 0.066ms
[2020-11-06T13:52:11.547+0000][gc,start      ] GC(1) Pause Cleanup
[2020-11-06T13:52:11.547+0000][gc            ] GC(1) Pause Cleanup 6M->6M(1024M) 0.149ms
[2020-11-06T13:52:11.547+0000][gc,cpu        ] GC(1) User=0.00s Sys=0.00s Real=0.00s
[2020-11-06T13:52:11.547+0000][gc,marking    ] GC(1) Concurrent Cleanup for Next Mark
[2020-11-06T13:52:11.551+0000][gc,marking    ] GC(1) Concurrent Cleanup for Next Mark 4.564ms
[2020-11-06T13:52:11.551+0000][gc            ] GC(1) Concurrent Cycle 8.729ms
[2020-11-06T13:52:12.511+0000][gc,start      ] GC(2) Pause Young (Normal) (G1 Evacuation Pause)
[2020-11-06T13:52:12.511+0000][gc,task       ] GC(2) Using 8 workers of 8 for evacuation
[2020-11-06T13:52:12.523+0000][gc,phases     ] GC(2)   Pre Evacuate Collection Set: 0.0ms
[2020-11-06T13:52:12.523+0000][gc,phases     ] GC(2)   Evacuate Collection Set: 11.3ms
[2020-11-06T13:52:12.523+0000][gc,phases     ] GC(2)   Post Evacuate Collection Set: 0.5ms
[2020-11-06T13:52:12.523+0000][gc,phases     ] GC(2)   Other: 0.2ms
[2020-11-06T13:52:12.523+0000][gc,heap       ] GC(2) Eden regions: 44->0(49)
[2020-11-06T13:52:12.523+0000][gc,heap       ] GC(2) Survivor regions: 7->2(7)
[2020-11-06T13:52:12.523+0000][gc,heap       ] GC(2) Old regions: 0->7
[2020-11-06T13:52:12.523+0000][gc,heap       ] GC(2) Humongous regions: 0->0
[2020-11-06T13:52:12.523+0000][gc,metaspace  ] GC(2) Metaspace: 29302K->29302K(1075200K)
[2020-11-06T13:52:12.523+0000][gc            ] GC(2) Pause Young (Normal) (G1 Evacuation Pause) 50M->8M(1024M) 12.163ms
[2020-11-06T13:52:12.523+0000][gc,cpu        ] GC(2) User=0.04s Sys=0.01s Real=0.01s
[2020-11-06T13:52:12.829+0000][gc,start      ] GC(3) Pause Young (Concurrent Start) (Metadata GC Threshold)
[2020-11-06T13:52:12.829+0000][gc,task       ] GC(3) Using 8 workers of 8 for evacuation
[2020-11-06T13:52:12.832+0000][gc,phases     ] GC(3)   Pre Evacuate Collection Set: 0.1ms
[2020-11-06T13:52:12.832+0000][gc,phases     ] GC(3)   Evacuate Collection Set: 2.4ms
[2020-11-06T13:52:12.832+0000][gc,phases     ] GC(3)   Post Evacuate Collection Set: 0.3ms
[2020-11-06T13:52:12.832+0000][gc,phases     ] GC(3)   Other: 0.2ms
[2020-11-06T13:52:12.832+0000][gc,heap       ] GC(3) Eden regions: 26->0(47)
[2020-11-06T13:52:12.832+0000][gc,heap       ] GC(3) Survivor regions: 2->4(7)
[2020-11-06T13:52:12.832+0000][gc,heap       ] GC(3) Old regions: 7->7
[2020-11-06T13:52:12.832+0000][gc,heap       ] GC(3) Humongous regions: 129->129
[2020-11-06T13:52:12.832+0000][gc,metaspace  ] GC(3) Metaspace: 34651K->34651K(1081344K)
[2020-11-06T13:52:12.832+0000][gc            ] GC(3) Pause Young (Concurrent Start) (Metadata GC Threshold) 162M->138M(1024M) 2.979ms
[2020-11-06T13:52:12.832+0000][gc,cpu        ] GC(3) User=0.02s Sys=0.00s Real=0.01s
[2020-11-06T13:52:12.832+0000][gc            ] GC(4) Concurrent Cycle
[2020-11-06T13:52:12.832+0000][gc,marking    ] GC(4) Concurrent Clear Claimed Marks
[2020-11-06T13:52:12.832+0000][gc,marking    ] GC(4) Concurrent Clear Claimed Marks 0.034ms
[2020-11-06T13:52:12.832+0000][gc,marking    ] GC(4) Concurrent Scan Root Regions
[2020-11-06T13:52:12.833+0000][gc,marking    ] GC(4) Concurrent Scan Root Regions 1.382ms
[2020-11-06T13:52:12.833+0000][gc,marking    ] GC(4) Concurrent Mark (2.033s)
[2020-11-06T13:52:12.833+0000][gc,marking    ] GC(4) Concurrent Mark From Roots
[2020-11-06T13:52:12.833+0000][gc,task       ] GC(4) Using 2 workers of 2 for marking
[2020-11-06T13:52:12.838+0000][gc,marking    ] GC(4) Concurrent Mark From Roots 4.925ms
[2020-11-06T13:52:12.838+0000][gc,marking    ] GC(4) Concurrent Preclean
[2020-11-06T13:52:12.838+0000][gc,marking    ] GC(4) Concurrent Preclean 0.071ms
[2020-11-06T13:52:12.838+0000][gc,marking    ] GC(4) Concurrent Mark (2.033s, 2.038s) 5.059ms
[2020-11-06T13:52:12.839+0000][gc,start      ] GC(4) Pause Remark
[2020-11-06T13:52:12.841+0000][gc,stringtable] GC(4) Cleaned string and symbol table, strings: 11082 processed, 7 removed, symbols: 95070 processed, 17 removed
[2020-11-06T13:52:12.841+0000][gc            ] GC(4) Pause Remark 138M->138M(1024M) 2.240ms
[2020-11-06T13:52:12.841+0000][gc,cpu        ] GC(4) User=0.02s Sys=0.00s Real=0.01s
[2020-11-06T13:52:12.841+0000][gc,marking    ] GC(4) Concurrent Rebuild Remembered Sets
[2020-11-06T13:52:12.844+0000][gc,marking    ] GC(4) Concurrent Rebuild Remembered Sets 2.837ms
[2020-11-06T13:52:12.844+0000][gc,start      ] GC(4) Pause Cleanup
[2020-11-06T13:52:12.844+0000][gc            ] GC(4) Pause Cleanup 138M->138M(1024M) 0.120ms
[2020-11-06T13:52:12.844+0000][gc,cpu        ] GC(4) User=0.00s Sys=0.00s Real=0.00s
[2020-11-06T13:52:12.844+0000][gc,marking    ] GC(4) Concurrent Cleanup for Next Mark
[2020-11-06T13:52:12.849+0000][gc,marking    ] GC(4) Concurrent Cleanup for Next Mark 5.014ms
[2020-11-06T13:52:12.849+0000][gc            ] GC(4) Concurrent Cycle 17.143ms
[2020-11-06T13:52:13.394+0000][gc,start      ] GC(5) Pause Young (Normal) (G1 Evacuation Pause)
[2020-11-06T13:52:13.394+0000][gc,task       ] GC(5) Using 8 workers of 8 for evacuation
[2020-11-06T13:52:13.398+0000][gc,phases     ] GC(5)   Pre Evacuate Collection Set: 0.0ms
[2020-11-06T13:52:13.398+0000][gc,phases     ] GC(5)   Evacuate Collection Set: 4.3ms
[2020-11-06T13:52:13.398+0000][gc,phases     ] GC(5)   Post Evacuate Collection Set: 0.4ms
[2020-11-06T13:52:13.399+0000][gc,phases     ] GC(5)   Other: 0.1ms
[2020-11-06T13:52:13.399+0000][gc,heap       ] GC(5) Eden regions: 47->0(44)
[2020-11-06T13:52:13.399+0000][gc,heap       ] GC(5) Survivor regions: 4->7(7)
[2020-11-06T13:52:13.399+0000][gc,heap       ] GC(5) Old regions: 7->7
[2020-11-06T13:52:13.399+0000][gc,heap       ] GC(5) Humongous regions: 129->129
[2020-11-06T13:52:13.399+0000][gc,metaspace  ] GC(5) Metaspace: 42892K->42892K(1089536K)
[2020-11-06T13:52:13.399+0000][gc            ] GC(5) Pause Young (Normal) (G1 Evacuation Pause) 185M->142M(1024M) 4.969ms
[2020-11-06T13:52:13.399+0000][gc,cpu        ] GC(5) User=0.03s Sys=0.01s Real=0.00s
[2020-11-06T14:02:55.309+0000][gc,start      ] GC(6) Pause Young (Normal) (G1 Evacuation Pause)
[2020-11-06T14:02:55.309+0000][gc,task       ] GC(6) Using 8 workers of 8 for evacuation
[2020-11-06T14:02:55.316+0000][gc,phases     ] GC(6)   Pre Evacuate Collection Set: 0.1ms
[2020-11-06T14:02:55.316+0000][gc,phases     ] GC(6)   Evacuate Collection Set: 6.8ms
[2020-11-06T14:02:55.316+0000][gc,phases     ] GC(6)   Post Evacuate Collection Set: 0.6ms
[2020-11-06T14:02:55.316+0000][gc,phases     ] GC(6)   Other: 0.2ms
[2020-11-06T14:02:55.316+0000][gc,heap       ] GC(6) Eden regions: 44->0(47)
[2020-11-06T14:02:55.316+0000][gc,heap       ] GC(6) Survivor regions: 7->4(7)
[2020-11-06T14:02:55.316+0000][gc,heap       ] GC(6) Old regions: 7->13
[2020-11-06T14:02:55.316+0000][gc,heap       ] GC(6) Humongous regions: 159->129
[2020-11-06T14:02:55.316+0000][gc,metaspace  ] GC(6) Metaspace: 46638K->46638K(1091584K)
[2020-11-06T14:02:55.316+0000][gc            ] GC(6) Pause Young (Normal) (G1 Evacuation Pause) 216M->145M(1024M) 7.709ms
[2020-11-06T14:02:55.316+0000][gc,cpu        ] GC(6) User=0.04s Sys=0.00s Real=0.01s
[2020-11-06T14:04:53.129+0000][gc,heap,exit  ] Heap
[2020-11-06T14:04:53.129+0000][gc,heap,exit  ]  garbage-first heap   total 1048576K, used 168111K [0x00000007c0000000, 0x0000000800000000)
[2020-11-06T14:04:53.129+0000][gc,heap,exit  ]   region size 1024K, 24 young (24576K), 4 survivors (4096K)
[2020-11-06T14:04:53.129+0000][gc,heap,exit  ]  Metaspace       used 47438K, capacity 49505K, committed 49712K, reserved 1093632K
[2020-11-06T14:04:53.129+0000][gc,heap,exit  ]   class space    used 5516K, capacity 6485K, committed 6528K, reserved 1048576K
