[2020-10-31T10:27:19.701+0000][gc,heap] Heap region size: 1M
[2020-10-31T10:27:19.708+0000][gc     ] Using G1
[2020-10-31T10:27:19.708+0000][gc,heap,coops] Heap address: 0x00000007c0000000, size: 1024 MB, Compressed Oops mode: Zero based, Oop shift amount: 3
[2020-10-31T10:27:20.527+0000][gc,start     ] GC(0) Pause Young (Concurrent Start) (Metadata GC Threshold)
[2020-10-31T10:27:20.528+0000][gc,task      ] GC(0) Using 8 workers of 8 for evacuation
[2020-10-31T10:27:20.534+0000][gc,phases    ] GC(0)   Pre Evacuate Collection Set: 0.0ms
[2020-10-31T10:27:20.534+0000][gc,phases    ] GC(0)   Evacuate Collection Set: 5.7ms
[2020-10-31T10:27:20.534+0000][gc,phases    ] GC(0)   Post Evacuate Collection Set: 0.3ms
[2020-10-31T10:27:20.534+0000][gc,phases    ] GC(0)   Other: 0.6ms
[2020-10-31T10:27:20.534+0000][gc,heap      ] GC(0) Eden regions: 41->0(44)
[2020-10-31T10:27:20.534+0000][gc,heap      ] GC(0) Survivor regions: 0->7(7)
[2020-10-31T10:27:20.534+0000][gc,heap      ] GC(0) Old regions: 0->0
[2020-10-31T10:27:20.534+0000][gc,heap      ] GC(0) Humongous regions: 0->0
[2020-10-31T10:27:20.534+0000][gc,metaspace ] GC(0) Metaspace: 20673K->20673K(1069056K)
[2020-10-31T10:27:20.534+0000][gc           ] GC(0) Pause Young (Concurrent Start) (Metadata GC Threshold) 41M->6M(1024M) 6.721ms
[2020-10-31T10:27:20.534+0000][gc,cpu       ] GC(0) User=0.01s Sys=0.00s Real=0.01s
[2020-10-31T10:27:20.534+0000][gc           ] GC(1) Concurrent Cycle
[2020-10-31T10:27:20.534+0000][gc,marking   ] GC(1) Concurrent Clear Claimed Marks
[2020-10-31T10:27:20.534+0000][gc,marking   ] GC(1) Concurrent Clear Claimed Marks 0.014ms
[2020-10-31T10:27:20.534+0000][gc,marking   ] GC(1) Concurrent Scan Root Regions
[2020-10-31T10:27:20.535+0000][gc,marking   ] GC(1) Concurrent Scan Root Regions 1.378ms
[2020-10-31T10:27:20.535+0000][gc,marking   ] GC(1) Concurrent Mark (0.843s)
[2020-10-31T10:27:20.535+0000][gc,marking   ] GC(1) Concurrent Mark From Roots
[2020-10-31T10:27:20.535+0000][gc,task      ] GC(1) Using 2 workers of 2 for marking
[2020-10-31T10:27:20.536+0000][gc,marking   ] GC(1) Concurrent Mark From Roots 0.173ms
[2020-10-31T10:27:20.536+0000][gc,marking   ] GC(1) Concurrent Preclean
[2020-10-31T10:27:20.536+0000][gc,marking   ] GC(1) Concurrent Preclean 0.038ms
[2020-10-31T10:27:20.536+0000][gc,marking   ] GC(1) Concurrent Mark (0.843s, 0.843s) 0.256ms
[2020-10-31T10:27:20.536+0000][gc,start     ] GC(1) Pause Remark
[2020-10-31T10:27:20.537+0000][gc,stringtable] GC(1) Cleaned string and symbol table, strings: 7375 processed, 0 removed, symbols: 63755 processed, 28 removed
[2020-10-31T10:27:20.537+0000][gc            ] GC(1) Pause Remark 6M->6M(1024M) 1.200ms
[2020-10-31T10:27:20.537+0000][gc,cpu        ] GC(1) User=0.01s Sys=0.00s Real=0.00s
[2020-10-31T10:27:20.537+0000][gc,marking    ] GC(1) Concurrent Rebuild Remembered Sets
[2020-10-31T10:27:20.537+0000][gc,marking    ] GC(1) Concurrent Rebuild Remembered Sets 0.052ms
[2020-10-31T10:27:20.537+0000][gc,start      ] GC(1) Pause Cleanup
[2020-10-31T10:27:20.537+0000][gc            ] GC(1) Pause Cleanup 6M->6M(1024M) 0.160ms
[2020-10-31T10:27:20.537+0000][gc,cpu        ] GC(1) User=0.00s Sys=0.00s Real=0.00s
[2020-10-31T10:27:20.538+0000][gc,marking    ] GC(1) Concurrent Cleanup for Next Mark
[2020-10-31T10:27:20.541+0000][gc,marking    ] GC(1) Concurrent Cleanup for Next Mark 3.764ms
[2020-10-31T10:27:20.541+0000][gc            ] GC(1) Concurrent Cycle 7.315ms
[2020-10-31T10:27:21.528+0000][gc,start      ] GC(2) Pause Young (Normal) (G1 Evacuation Pause)
[2020-10-31T10:27:21.528+0000][gc,task       ] GC(2) Using 8 workers of 8 for evacuation
[2020-10-31T10:27:21.533+0000][gc,phases     ] GC(2)   Pre Evacuate Collection Set: 0.0ms
[2020-10-31T10:27:21.533+0000][gc,phases     ] GC(2)   Evacuate Collection Set: 4.6ms
[2020-10-31T10:27:21.533+0000][gc,phases     ] GC(2)   Post Evacuate Collection Set: 0.5ms
[2020-10-31T10:27:21.533+0000][gc,phases     ] GC(2)   Other: 0.1ms
[2020-10-31T10:27:21.533+0000][gc,heap       ] GC(2) Eden regions: 44->0(48)
[2020-10-31T10:27:21.533+0000][gc,heap       ] GC(2) Survivor regions: 7->3(7)
[2020-10-31T10:27:21.533+0000][gc,heap       ] GC(2) Old regions: 0->7
[2020-10-31T10:27:21.533+0000][gc,heap       ] GC(2) Humongous regions: 129->129
[2020-10-31T10:27:21.533+0000][gc,metaspace  ] GC(2) Metaspace: 30290K->30290K(1077248K)
[2020-10-31T10:27:21.533+0000][gc            ] GC(2) Pause Young (Normal) (G1 Evacuation Pause) 179M->137M(1024M) 5.383ms
[2020-10-31T10:27:21.534+0000][gc,cpu        ] GC(2) User=0.03s Sys=0.00s Real=0.01s
[2020-10-31T10:27:21.820+0000][gc,start      ] GC(3) Pause Young (Concurrent Start) (Metadata GC Threshold)
[2020-10-31T10:27:21.820+0000][gc,task       ] GC(3) Using 8 workers of 8 for evacuation
[2020-10-31T10:27:21.822+0000][gc,phases     ] GC(3)   Pre Evacuate Collection Set: 0.1ms
[2020-10-31T10:27:21.822+0000][gc,phases     ] GC(3)   Evacuate Collection Set: 1.9ms
[2020-10-31T10:27:21.822+0000][gc,phases     ] GC(3)   Post Evacuate Collection Set: 0.2ms
[2020-10-31T10:27:21.822+0000][gc,phases     ] GC(3)   Other: 0.2ms
[2020-10-31T10:27:21.822+0000][gc,heap       ] GC(3) Eden regions: 26->0(46)
[2020-10-31T10:27:21.822+0000][gc,heap       ] GC(3) Survivor regions: 3->5(7)
[2020-10-31T10:27:21.822+0000][gc,heap       ] GC(3) Old regions: 7->7
[2020-10-31T10:27:21.822+0000][gc,heap       ] GC(3) Humongous regions: 129->129
[2020-10-31T10:27:21.822+0000][gc,metaspace  ] GC(3) Metaspace: 34674K->34674K(1081344K)
[2020-10-31T10:27:21.822+0000][gc            ] GC(3) Pause Young (Concurrent Start) (Metadata GC Threshold) 163M->139M(1024M) 2.458ms
[2020-10-31T10:27:21.822+0000][gc,cpu        ] GC(3) User=0.02s Sys=0.00s Real=0.00s
[2020-10-31T10:27:21.822+0000][gc            ] GC(4) Concurrent Cycle
[2020-10-31T10:27:21.822+0000][gc,marking    ] GC(4) Concurrent Clear Claimed Marks
[2020-10-31T10:27:21.822+0000][gc,marking    ] GC(4) Concurrent Clear Claimed Marks 0.016ms
[2020-10-31T10:27:21.822+0000][gc,marking    ] GC(4) Concurrent Scan Root Regions
[2020-10-31T10:27:21.824+0000][gc,marking    ] GC(4) Concurrent Scan Root Regions 1.332ms
[2020-10-31T10:27:21.824+0000][gc,marking    ] GC(4) Concurrent Mark (2.131s)
[2020-10-31T10:27:21.824+0000][gc,marking    ] GC(4) Concurrent Mark From Roots
[2020-10-31T10:27:21.824+0000][gc,task       ] GC(4) Using 2 workers of 2 for marking
[2020-10-31T10:27:21.827+0000][gc,marking    ] GC(4) Concurrent Mark From Roots 3.176ms
[2020-10-31T10:27:21.827+0000][gc,marking    ] GC(4) Concurrent Preclean
[2020-10-31T10:27:21.827+0000][gc,marking    ] GC(4) Concurrent Preclean 0.039ms
[2020-10-31T10:27:21.827+0000][gc,marking    ] GC(4) Concurrent Mark (2.131s, 2.134s) 3.254ms
[2020-10-31T10:27:21.827+0000][gc,start      ] GC(4) Pause Remark
[2020-10-31T10:27:21.829+0000][gc,stringtable] GC(4) Cleaned string and symbol table, strings: 11525 processed, 6 removed, symbols: 96384 processed, 24 removed
[2020-10-31T10:27:21.829+0000][gc            ] GC(4) Pause Remark 140M->140M(1024M) 1.759ms
[2020-10-31T10:27:21.829+0000][gc,cpu        ] GC(4) User=0.01s Sys=0.00s Real=0.00s
[2020-10-31T10:27:21.829+0000][gc,marking    ] GC(4) Concurrent Rebuild Remembered Sets
[2020-10-31T10:27:21.831+0000][gc,marking    ] GC(4) Concurrent Rebuild Remembered Sets 2.383ms
[2020-10-31T10:27:21.832+0000][gc,start      ] GC(4) Pause Cleanup
[2020-10-31T10:27:21.832+0000][gc            ] GC(4) Pause Cleanup 140M->140M(1024M) 0.154ms
[2020-10-31T10:27:21.832+0000][gc,cpu        ] GC(4) User=0.00s Sys=0.00s Real=0.00s
[2020-10-31T10:27:21.832+0000][gc,marking    ] GC(4) Concurrent Cleanup for Next Mark
[2020-10-31T10:27:21.837+0000][gc,marking    ] GC(4) Concurrent Cleanup for Next Mark 4.865ms
[2020-10-31T10:27:21.837+0000][gc            ] GC(4) Concurrent Cycle 14.187ms
[2020-10-31T10:30:41.816+0000][gc,start      ] GC(5) Pause Young (Normal) (G1 Evacuation Pause)
[2020-10-31T10:30:41.816+0000][gc,task       ] GC(5) Using 8 workers of 8 for evacuation
[2020-10-31T10:30:41.820+0000][gc,phases     ] GC(5)   Pre Evacuate Collection Set: 0.0ms
[2020-10-31T10:30:41.820+0000][gc,phases     ] GC(5)   Evacuate Collection Set: 3.4ms
[2020-10-31T10:30:41.820+0000][gc,phases     ] GC(5)   Post Evacuate Collection Set: 0.5ms
[2020-10-31T10:30:41.820+0000][gc,phases     ] GC(5)   Other: 0.2ms
[2020-10-31T10:30:41.820+0000][gc,heap       ] GC(5) Eden regions: 46->0(46)
[2020-10-31T10:30:41.820+0000][gc,heap       ] GC(5) Survivor regions: 5->5(7)
[2020-10-31T10:30:41.820+0000][gc,heap       ] GC(5) Old regions: 7->9
[2020-10-31T10:30:41.820+0000][gc,heap       ] GC(5) Humongous regions: 129->129
[2020-10-31T10:30:41.820+0000][gc,metaspace  ] GC(5) Metaspace: 44354K->44354K(1089536K)
[2020-10-31T10:30:41.820+0000][gc            ] GC(5) Pause Young (Normal) (G1 Evacuation Pause) 185M->141M(1024M) 4.165ms
[2020-10-31T10:30:41.821+0000][gc,cpu        ] GC(5) User=0.02s Sys=0.01s Real=0.01s
[2020-10-31T10:53:22.222+0000][gc,start      ] GC(6) Pause Young (Normal) (G1 Evacuation Pause)
[2020-10-31T10:53:22.222+0000][gc,task       ] GC(6) Using 8 workers of 8 for evacuation
[2020-10-31T10:53:22.231+0000][gc,phases     ] GC(6)   Pre Evacuate Collection Set: 0.0ms
[2020-10-31T10:53:22.231+0000][gc,phases     ] GC(6)   Evacuate Collection Set: 7.8ms
[2020-10-31T10:53:22.231+0000][gc,phases     ] GC(6)   Post Evacuate Collection Set: 0.6ms
[2020-10-31T10:53:22.231+0000][gc,phases     ] GC(6)   Other: 0.4ms
[2020-10-31T10:53:22.231+0000][gc,heap       ] GC(6) Eden regions: 46->0(45)
[2020-10-31T10:53:22.231+0000][gc,heap       ] GC(6) Survivor regions: 5->6(7)
[2020-10-31T10:53:22.231+0000][gc,heap       ] GC(6) Old regions: 9->11
[2020-10-31T10:53:22.231+0000][gc,heap       ] GC(6) Humongous regions: 129->129
[2020-10-31T10:53:22.231+0000][gc,metaspace  ] GC(6) Metaspace: 46908K->46908K(1091584K)
[2020-10-31T10:53:22.231+0000][gc            ] GC(6) Pause Young (Normal) (G1 Evacuation Pause) 187M->144M(1024M) 9.030ms
[2020-10-31T10:53:22.231+0000][gc,cpu        ] GC(6) User=0.05s Sys=0.00s Real=0.01s
[2020-10-31T11:07:47.623+0000][gc,start      ] GC(7) Pause Young (Normal) (G1 Evacuation Pause)
[2020-10-31T11:07:47.623+0000][gc,task       ] GC(7) Using 8 workers of 8 for evacuation
[2020-10-31T11:07:47.629+0000][gc,phases     ] GC(7)   Pre Evacuate Collection Set: 0.0ms
[2020-10-31T11:07:47.629+0000][gc,phases     ] GC(7)   Evacuate Collection Set: 5.1ms
[2020-10-31T11:07:47.629+0000][gc,phases     ] GC(7)   Post Evacuate Collection Set: 0.4ms
[2020-10-31T11:07:47.629+0000][gc,phases     ] GC(7)   Other: 0.2ms
[2020-10-31T11:07:47.629+0000][gc,heap       ] GC(7) Eden regions: 45->0(47)
[2020-10-31T11:07:47.629+0000][gc,heap       ] GC(7) Survivor regions: 6->4(7)
[2020-10-31T11:07:47.629+0000][gc,heap       ] GC(7) Old regions: 11->13
[2020-10-31T11:07:47.629+0000][gc,heap       ] GC(7) Humongous regions: 129->129
[2020-10-31T11:07:47.629+0000][gc,metaspace  ] GC(7) Metaspace: 47089K->47089K(1091584K)
[2020-10-31T11:07:47.629+0000][gc            ] GC(7) Pause Young (Normal) (G1 Evacuation Pause) 189M->145M(1024M) 5.914ms
[2020-10-31T11:07:47.629+0000][gc,cpu        ] GC(7) User=0.03s Sys=0.00s Real=0.00s
[2020-10-31T12:29:20.449+0000][gc,start      ] GC(8) Pause Young (Normal) (G1 Evacuation Pause)
[2020-10-31T12:29:20.449+0000][gc,task       ] GC(8) Using 8 workers of 8 for evacuation
[2020-10-31T12:29:20.458+0000][gc,phases     ] GC(8)   Pre Evacuate Collection Set: 0.0ms
[2020-10-31T12:29:20.458+0000][gc,phases     ] GC(8)   Evacuate Collection Set: 8.2ms
[2020-10-31T12:29:20.458+0000][gc,phases     ] GC(8)   Post Evacuate Collection Set: 0.3ms
[2020-10-31T12:29:20.458+0000][gc,phases     ] GC(8)   Other: 0.5ms
[2020-10-31T12:29:20.458+0000][gc,heap       ] GC(8) Eden regions: 47->0(48)
[2020-10-31T12:29:20.458+0000][gc,heap       ] GC(8) Survivor regions: 4->3(7)
[2020-10-31T12:29:20.458+0000][gc,heap       ] GC(8) Old regions: 13->15
[2020-10-31T12:29:20.458+0000][gc,heap       ] GC(8) Humongous regions: 129->129
[2020-10-31T12:29:20.458+0000][gc,metaspace  ] GC(8) Metaspace: 47166K->47166K(1091584K)
[2020-10-31T12:29:20.458+0000][gc            ] GC(8) Pause Young (Normal) (G1 Evacuation Pause) 192M->145M(1024M) 9.129ms
[2020-10-31T12:29:20.458+0000][gc,cpu        ] GC(8) User=0.04s Sys=0.02s Real=0.01s
[2020-10-31T17:19:49.645+0000][gc,start      ] GC(9) Pause Young (Normal) (G1 Evacuation Pause)
[2020-10-31T17:19:49.645+0000][gc,task       ] GC(9) Using 8 workers of 8 for evacuation
[2020-10-31T17:19:49.654+0000][gc,phases     ] GC(9)   Pre Evacuate Collection Set: 1.5ms
[2020-10-31T17:19:49.654+0000][gc,phases     ] GC(9)   Evacuate Collection Set: 6.4ms
[2020-10-31T17:19:49.654+0000][gc,phases     ] GC(9)   Post Evacuate Collection Set: 0.3ms
[2020-10-31T17:19:49.654+0000][gc,phases     ] GC(9)   Other: 0.6ms
[2020-10-31T17:19:49.654+0000][gc,heap       ] GC(9) Eden regions: 48->0(48)
[2020-10-31T17:19:49.654+0000][gc,heap       ] GC(9) Survivor regions: 3->3(7)
[2020-10-31T17:19:49.654+0000][gc,heap       ] GC(9) Old regions: 15->15
[2020-10-31T17:19:49.654+0000][gc,heap       ] GC(9) Humongous regions: 129->129
[2020-10-31T17:19:49.654+0000][gc,metaspace  ] GC(9) Metaspace: 47718K->47718K(1093632K)
[2020-10-31T17:19:49.654+0000][gc            ] GC(9) Pause Young (Normal) (G1 Evacuation Pause) 193M->145M(1024M) 8.834ms
[2020-10-31T17:19:49.654+0000][gc,cpu        ] GC(9) User=0.02s Sys=0.02s Real=0.01s
[2020-11-01T13:28:45.672+0000][gc,start      ] GC(10) Pause Young (Normal) (G1 Evacuation Pause)
[2020-11-01T13:28:45.673+0000][gc,task       ] GC(10) Using 8 workers of 8 for evacuation
[2020-11-01T13:28:45.700+0000][gc,mmu        ] GC(10) MMU target violated: 21.0ms (20.0ms/21.0ms)
[2020-11-01T13:28:45.700+0000][gc,phases     ] GC(10)   Pre Evacuate Collection Set: 1.5ms
[2020-11-01T13:28:45.700+0000][gc,phases     ] GC(10)   Evacuate Collection Set: 21.0ms
[2020-11-01T13:28:45.700+0000][gc,phases     ] GC(10)   Post Evacuate Collection Set: 2.4ms
[2020-11-01T13:28:45.700+0000][gc,phases     ] GC(10)   Other: 6.0ms
[2020-11-01T13:28:45.701+0000][gc,heap       ] GC(10) Eden regions: 48->0(47)
[2020-11-01T13:28:45.701+0000][gc,heap       ] GC(10) Survivor regions: 3->4(7)
[2020-11-01T13:28:45.701+0000][gc,heap       ] GC(10) Old regions: 15->15
[2020-11-01T13:28:45.701+0000][gc,heap       ] GC(10) Humongous regions: 129->129
[2020-11-01T13:28:45.701+0000][gc,metaspace  ] GC(10) Metaspace: 47909K->47909K(1093632K)
[2020-11-01T13:28:45.701+0000][gc            ] GC(10) Pause Young (Normal) (G1 Evacuation Pause) 193M->146M(1024M) 30.112ms
[2020-11-01T13:28:45.701+0000][gc,cpu        ] GC(10) User=0.02s Sys=0.07s Real=0.03s
[2020-11-01T13:46:27.449+0000][gc,start      ] GC(11) Pause Young (Normal) (G1 Evacuation Pause)
[2020-11-01T13:46:27.449+0000][gc,task       ] GC(11) Using 8 workers of 8 for evacuation
[2020-11-01T13:46:27.456+0000][gc,phases     ] GC(11)   Pre Evacuate Collection Set: 0.0ms
[2020-11-01T13:46:27.456+0000][gc,phases     ] GC(11)   Evacuate Collection Set: 6.3ms
[2020-11-01T13:46:27.456+0000][gc,phases     ] GC(11)   Post Evacuate Collection Set: 0.5ms
[2020-11-01T13:46:27.456+0000][gc,phases     ] GC(11)   Other: 0.4ms
[2020-11-01T13:46:27.456+0000][gc,heap       ] GC(11) Eden regions: 47->0(47)
[2020-11-01T13:46:27.456+0000][gc,heap       ] GC(11) Survivor regions: 4->4(7)
[2020-11-01T13:46:27.456+0000][gc,heap       ] GC(11) Old regions: 15->15
[2020-11-01T13:46:27.456+0000][gc,heap       ] GC(11) Humongous regions: 129->129
[2020-11-01T13:46:27.456+0000][gc,metaspace  ] GC(11) Metaspace: 47930K->47930K(1093632K)
[2020-11-01T13:46:27.456+0000][gc            ] GC(11) Pause Young (Normal) (G1 Evacuation Pause) 193M->146M(1024M) 7.619ms
[2020-11-01T13:46:27.456+0000][gc,cpu        ] GC(11) User=0.03s Sys=0.01s Real=0.01s
[2020-11-01T14:03:57.912+0000][gc,start      ] GC(12) Pause Young (Normal) (G1 Evacuation Pause)
[2020-11-01T14:03:57.912+0000][gc,task       ] GC(12) Using 8 workers of 8 for evacuation
[2020-11-01T14:03:57.919+0000][gc,phases     ] GC(12)   Pre Evacuate Collection Set: 0.0ms
[2020-11-01T14:03:57.919+0000][gc,phases     ] GC(12)   Evacuate Collection Set: 5.8ms
[2020-11-01T14:03:57.919+0000][gc,phases     ] GC(12)   Post Evacuate Collection Set: 0.4ms
[2020-11-01T14:03:57.919+0000][gc,phases     ] GC(12)   Other: 0.4ms
[2020-11-01T14:03:57.919+0000][gc,heap       ] GC(12) Eden regions: 47->0(50)
[2020-11-01T14:03:57.919+0000][gc,heap       ] GC(12) Survivor regions: 4->4(7)
[2020-11-01T14:03:57.919+0000][gc,heap       ] GC(12) Old regions: 15->15
[2020-11-01T14:03:57.919+0000][gc,heap       ] GC(12) Humongous regions: 129->129
[2020-11-01T14:03:57.919+0000][gc,metaspace  ] GC(12) Metaspace: 47949K->47949K(1093632K)
[2020-11-01T14:03:57.919+0000][gc            ] GC(12) Pause Young (Normal) (G1 Evacuation Pause) 193M->146M(1024M) 6.788ms
[2020-11-01T14:03:57.919+0000][gc,cpu        ] GC(12) User=0.04s Sys=0.00s Real=0.00s
[2020-11-01T14:17:10.256+0000][gc,heap,exit  ] Heap
[2020-11-01T14:17:10.256+0000][gc,heap,exit  ]  garbage-first heap   total 1048576K, used 194504K [0x00000007c0000000, 0x0000000800000000)
[2020-11-01T14:17:10.256+0000][gc,heap,exit  ]   region size 1024K, 49 young (50176K), 4 survivors (4096K)
[2020-11-01T14:17:10.256+0000][gc,heap,exit  ]  Metaspace       used 48547K, capacity 50710K, committed 50992K, reserved 1093632K
[2020-11-01T14:17:10.256+0000][gc,heap,exit  ]   class space    used 5689K, capacity 6736K, committed 6784K, reserved 1048576K
