[2020-11-06T15:20:33.249+0000][gc,heap] Heap region size: 1M
[2020-11-06T15:20:33.260+0000][gc     ] Using G1
[2020-11-06T15:20:33.260+0000][gc,heap,coops] Heap address: 0x00000007c0000000, size: 1024 MB, Compressed Oops mode: Zero based, Oop shift amount: 3
[2020-11-06T15:20:34.631+0000][gc,start     ] GC(0) Pause Young (Concurrent Start) (Metadata GC Threshold)
[2020-11-06T15:20:34.632+0000][gc,task      ] GC(0) Using 8 workers of 8 for evacuation
[2020-11-06T15:20:34.643+0000][gc,phases    ] GC(0)   Pre Evacuate Collection Set: 0.1ms
[2020-11-06T15:20:34.643+0000][gc,phases    ] GC(0)   Evacuate Collection Set: 9.9ms
[2020-11-06T15:20:34.643+0000][gc,phases    ] GC(0)   Post Evacuate Collection Set: 0.4ms
[2020-11-06T15:20:34.643+0000][gc,phases    ] GC(0)   Other: 0.8ms
[2020-11-06T15:20:34.643+0000][gc,heap      ] GC(0) Eden regions: 41->0(44)
[2020-11-06T15:20:34.643+0000][gc,heap      ] GC(0) Survivor regions: 0->7(7)
[2020-11-06T15:20:34.643+0000][gc,heap      ] GC(0) Old regions: 0->0
[2020-11-06T15:20:34.643+0000][gc,heap      ] GC(0) Humongous regions: 0->0
[2020-11-06T15:20:34.643+0000][gc,metaspace ] GC(0) Metaspace: 20667K->20667K(1069056K)
[2020-11-06T15:20:34.643+0000][gc           ] GC(0) Pause Young (Concurrent Start) (Metadata GC Threshold) 41M->6M(1024M) 11.318ms
[2020-11-06T15:20:34.643+0000][gc,cpu       ] GC(0) User=0.02s Sys=0.01s Real=0.01s
[2020-11-06T15:20:34.643+0000][gc           ] GC(1) Concurrent Cycle
[2020-11-06T15:20:34.643+0000][gc,marking   ] GC(1) Concurrent Clear Claimed Marks
[2020-11-06T15:20:34.643+0000][gc,marking   ] GC(1) Concurrent Clear Claimed Marks 0.023ms
[2020-11-06T15:20:34.643+0000][gc,marking   ] GC(1) Concurrent Scan Root Regions
[2020-11-06T15:20:34.645+0000][gc,marking   ] GC(1) Concurrent Scan Root Regions 1.725ms
[2020-11-06T15:20:34.645+0000][gc,marking   ] GC(1) Concurrent Mark (1.411s)
[2020-11-06T15:20:34.645+0000][gc,marking   ] GC(1) Concurrent Mark From Roots
[2020-11-06T15:20:34.645+0000][gc,task      ] GC(1) Using 2 workers of 2 for marking
[2020-11-06T15:20:34.645+0000][gc,marking   ] GC(1) Concurrent Mark From Roots 0.170ms
[2020-11-06T15:20:34.645+0000][gc,marking   ] GC(1) Concurrent Preclean
[2020-11-06T15:20:34.645+0000][gc,marking   ] GC(1) Concurrent Preclean 0.028ms
[2020-11-06T15:20:34.645+0000][gc,marking   ] GC(1) Concurrent Mark (1.411s, 1.412s) 0.244ms
[2020-11-06T15:20:34.645+0000][gc,start     ] GC(1) Pause Remark
[2020-11-06T15:20:34.647+0000][gc,stringtable] GC(1) Cleaned string and symbol table, strings: 7365 processed, 0 removed, symbols: 63817 processed, 28 removed
[2020-11-06T15:20:34.647+0000][gc            ] GC(1) Pause Remark 6M->6M(1024M) 2.023ms
[2020-11-06T15:20:34.647+0000][gc,cpu        ] GC(1) User=0.01s Sys=0.00s Real=0.00s
[2020-11-06T15:20:34.647+0000][gc,marking    ] GC(1) Concurrent Rebuild Remembered Sets
[2020-11-06T15:20:34.647+0000][gc,marking    ] GC(1) Concurrent Rebuild Remembered Sets 0.139ms
[2020-11-06T15:20:34.647+0000][gc,start      ] GC(1) Pause Cleanup
[2020-11-06T15:20:34.647+0000][gc            ] GC(1) Pause Cleanup 6M->6M(1024M) 0.114ms
[2020-11-06T15:20:34.647+0000][gc,cpu        ] GC(1) User=0.00s Sys=0.00s Real=0.00s
[2020-11-06T15:20:34.647+0000][gc,marking    ] GC(1) Concurrent Cleanup for Next Mark
[2020-11-06T15:20:34.658+0000][gc,marking    ] GC(1) Concurrent Cleanup for Next Mark 10.442ms
[2020-11-06T15:20:34.658+0000][gc            ] GC(1) Concurrent Cycle 15.167ms
[2020-11-06T15:20:36.498+0000][gc,start      ] GC(2) Pause Young (Normal) (G1 Evacuation Pause)
[2020-11-06T15:20:36.499+0000][gc,task       ] GC(2) Using 8 workers of 8 for evacuation
[2020-11-06T15:20:36.511+0000][gc,phases     ] GC(2)   Pre Evacuate Collection Set: 0.0ms
[2020-11-06T15:20:36.511+0000][gc,phases     ] GC(2)   Evacuate Collection Set: 11.3ms
[2020-11-06T15:20:36.511+0000][gc,phases     ] GC(2)   Post Evacuate Collection Set: 0.8ms
[2020-11-06T15:20:36.511+0000][gc,phases     ] GC(2)   Other: 0.2ms
[2020-11-06T15:20:36.511+0000][gc,heap       ] GC(2) Eden regions: 44->0(49)
[2020-11-06T15:20:36.511+0000][gc,heap       ] GC(2) Survivor regions: 7->2(7)
[2020-11-06T15:20:36.511+0000][gc,heap       ] GC(2) Old regions: 0->7
[2020-11-06T15:20:36.511+0000][gc,heap       ] GC(2) Humongous regions: 0->0
[2020-11-06T15:20:36.511+0000][gc,metaspace  ] GC(2) Metaspace: 29321K->29321K(1075200K)
[2020-11-06T15:20:36.511+0000][gc            ] GC(2) Pause Young (Normal) (G1 Evacuation Pause) 50M->8M(1024M) 12.732ms
[2020-11-06T15:20:36.511+0000][gc,cpu        ] GC(2) User=0.04s Sys=0.01s Real=0.02s
[2020-11-06T15:20:37.295+0000][gc,start      ] GC(3) Pause Young (Concurrent Start) (Metadata GC Threshold)
[2020-11-06T15:20:37.295+0000][gc,task       ] GC(3) Using 8 workers of 8 for evacuation
[2020-11-06T15:20:37.298+0000][gc,phases     ] GC(3)   Pre Evacuate Collection Set: 0.1ms
[2020-11-06T15:20:37.298+0000][gc,phases     ] GC(3)   Evacuate Collection Set: 2.2ms
[2020-11-06T15:20:37.298+0000][gc,phases     ] GC(3)   Post Evacuate Collection Set: 0.2ms
[2020-11-06T15:20:37.298+0000][gc,phases     ] GC(3)   Other: 0.2ms
[2020-11-06T15:20:37.298+0000][gc,heap       ] GC(3) Eden regions: 26->0(48)
[2020-11-06T15:20:37.298+0000][gc,heap       ] GC(3) Survivor regions: 2->3(7)
[2020-11-06T15:20:37.298+0000][gc,heap       ] GC(3) Old regions: 7->7
[2020-11-06T15:20:37.298+0000][gc,heap       ] GC(3) Humongous regions: 129->129
[2020-11-06T15:20:37.298+0000][gc,metaspace  ] GC(3) Metaspace: 34682K->34682K(1081344K)
[2020-11-06T15:20:37.298+0000][gc            ] GC(3) Pause Young (Concurrent Start) (Metadata GC Threshold) 163M->138M(1024M) 2.874ms
[2020-11-06T15:20:37.298+0000][gc,cpu        ] GC(3) User=0.02s Sys=0.00s Real=0.00s
[2020-11-06T15:20:37.298+0000][gc            ] GC(4) Concurrent Cycle
[2020-11-06T15:20:37.298+0000][gc,marking    ] GC(4) Concurrent Clear Claimed Marks
[2020-11-06T15:20:37.298+0000][gc,marking    ] GC(4) Concurrent Clear Claimed Marks 0.065ms
[2020-11-06T15:20:37.298+0000][gc,marking    ] GC(4) Concurrent Scan Root Regions
[2020-11-06T15:20:37.300+0000][gc,marking    ] GC(4) Concurrent Scan Root Regions 2.071ms
[2020-11-06T15:20:37.300+0000][gc,marking    ] GC(4) Concurrent Mark (4.067s)
[2020-11-06T15:20:37.300+0000][gc,marking    ] GC(4) Concurrent Mark From Roots
[2020-11-06T15:20:37.300+0000][gc,task       ] GC(4) Using 2 workers of 2 for marking
[2020-11-06T15:20:37.309+0000][gc,marking    ] GC(4) Concurrent Mark From Roots 8.448ms
[2020-11-06T15:20:37.309+0000][gc,marking    ] GC(4) Concurrent Preclean
[2020-11-06T15:20:37.309+0000][gc,marking    ] GC(4) Concurrent Preclean 0.084ms
[2020-11-06T15:20:37.309+0000][gc,marking    ] GC(4) Concurrent Mark (4.067s, 4.076s) 8.623ms
[2020-11-06T15:20:37.309+0000][gc,start      ] GC(4) Pause Remark
[2020-11-06T15:20:37.312+0000][gc,stringtable] GC(4) Cleaned string and symbol table, strings: 11072 processed, 7 removed, symbols: 95070 processed, 17 removed
[2020-11-06T15:20:37.312+0000][gc            ] GC(4) Pause Remark 138M->138M(1024M) 2.721ms
[2020-11-06T15:20:37.312+0000][gc,cpu        ] GC(4) User=0.01s Sys=0.00s Real=0.01s
[2020-11-06T15:20:37.312+0000][gc,marking    ] GC(4) Concurrent Rebuild Remembered Sets
[2020-11-06T15:20:37.315+0000][gc,marking    ] GC(4) Concurrent Rebuild Remembered Sets 3.413ms
[2020-11-06T15:20:37.315+0000][gc,start      ] GC(4) Pause Cleanup
[2020-11-06T15:20:37.316+0000][gc            ] GC(4) Pause Cleanup 138M->138M(1024M) 0.175ms
[2020-11-06T15:20:37.316+0000][gc,cpu        ] GC(4) User=0.00s Sys=0.00s Real=0.00s
[2020-11-06T15:20:37.316+0000][gc,marking    ] GC(4) Concurrent Cleanup for Next Mark
[2020-11-06T15:20:37.326+0000][gc,marking    ] GC(4) Concurrent Cleanup for Next Mark 10.361ms
[2020-11-06T15:20:37.326+0000][gc            ] GC(4) Concurrent Cycle 28.156ms
[2020-11-06T15:20:38.664+0000][gc,start      ] GC(5) Pause Young (Normal) (G1 Evacuation Pause)
[2020-11-06T15:20:38.665+0000][gc,task       ] GC(5) Using 8 workers of 8 for evacuation
[2020-11-06T15:20:38.676+0000][gc,phases     ] GC(5)   Pre Evacuate Collection Set: 0.0ms
[2020-11-06T15:20:38.676+0000][gc,phases     ] GC(5)   Evacuate Collection Set: 10.4ms
[2020-11-06T15:20:38.676+0000][gc,phases     ] GC(5)   Post Evacuate Collection Set: 0.7ms
[2020-11-06T15:20:38.676+0000][gc,phases     ] GC(5)   Other: 0.3ms
[2020-11-06T15:20:38.676+0000][gc,heap       ] GC(5) Eden regions: 48->0(44)
[2020-11-06T15:20:38.676+0000][gc,heap       ] GC(5) Survivor regions: 3->7(7)
[2020-11-06T15:20:38.676+0000][gc,heap       ] GC(5) Old regions: 7->7
[2020-11-06T15:20:38.676+0000][gc,heap       ] GC(5) Humongous regions: 135->135
[2020-11-06T15:20:38.676+0000][gc,metaspace  ] GC(5) Metaspace: 43197K->43197K(1089536K)
[2020-11-06T15:20:38.676+0000][gc            ] GC(5) Pause Young (Normal) (G1 Evacuation Pause) 192M->148M(1024M) 11.638ms
[2020-11-06T15:20:38.676+0000][gc,cpu        ] GC(5) User=0.03s Sys=0.01s Real=0.01s
[2020-11-06T15:28:38.610+0000][gc,start      ] GC(6) Pause Young (Normal) (G1 Evacuation Pause)
[2020-11-06T15:28:38.610+0000][gc,task       ] GC(6) Using 8 workers of 8 for evacuation
[2020-11-06T15:28:38.619+0000][gc,phases     ] GC(6)   Pre Evacuate Collection Set: 0.1ms
[2020-11-06T15:28:38.619+0000][gc,phases     ] GC(6)   Evacuate Collection Set: 7.6ms
[2020-11-06T15:28:38.619+0000][gc,phases     ] GC(6)   Post Evacuate Collection Set: 0.9ms
[2020-11-06T15:28:38.619+0000][gc,phases     ] GC(6)   Other: 0.3ms
[2020-11-06T15:28:38.619+0000][gc,heap       ] GC(6) Eden regions: 44->0(47)
[2020-11-06T15:28:38.619+0000][gc,heap       ] GC(6) Survivor regions: 7->4(7)
[2020-11-06T15:28:38.619+0000][gc,heap       ] GC(6) Old regions: 7->13
[2020-11-06T15:28:38.619+0000][gc,heap       ] GC(6) Humongous regions: 183->129
[2020-11-06T15:28:38.619+0000][gc,metaspace  ] GC(6) Metaspace: 47481K->47481K(1093632K)
[2020-11-06T15:28:38.619+0000][gc            ] GC(6) Pause Young (Normal) (G1 Evacuation Pause) 240M->144M(1024M) 9.165ms
[2020-11-06T15:28:38.619+0000][gc,cpu        ] GC(6) User=0.04s Sys=0.01s Real=0.00s
[2020-11-06T15:36:15.667+0000][gc,heap,exit  ] Heap
[2020-11-06T15:36:15.667+0000][gc,heap,exit  ]  garbage-first heap   total 1048576K, used 171577K [0x00000007c0000000, 0x0000000800000000)
[2020-11-06T15:36:15.667+0000][gc,heap,exit  ]   region size 1024K, 28 young (28672K), 4 survivors (4096K)
[2020-11-06T15:36:15.667+0000][gc,heap,exit  ]  Metaspace       used 48259K, capacity 50443K, committed 50480K, reserved 1093632K
[2020-11-06T15:36:15.667+0000][gc,heap,exit  ]   class space    used 5695K, capacity 6757K, committed 6784K, reserved 1048576K
