[2020-11-01T14:22:06.922+0000][gc,heap] Heap region size: 1M
[2020-11-01T14:22:06.929+0000][gc     ] Using G1
[2020-11-01T14:22:06.929+0000][gc,heap,coops] Heap address: 0x00000007c0000000, size: 1024 MB, Compressed Oops mode: Zero based, Oop shift amount: 3
[2020-11-01T14:22:07.568+0000][gc,start     ] GC(0) Pause Young (Concurrent Start) (Metadata GC Threshold)
[2020-11-01T14:22:07.568+0000][gc,task      ] GC(0) Using 8 workers of 8 for evacuation
[2020-11-01T14:22:07.574+0000][gc,phases    ] GC(0)   Pre Evacuate Collection Set: 0.0ms
[2020-11-01T14:22:07.574+0000][gc,phases    ] GC(0)   Evacuate Collection Set: 5.2ms
[2020-11-01T14:22:07.574+0000][gc,phases    ] GC(0)   Post Evacuate Collection Set: 0.3ms
[2020-11-01T14:22:07.574+0000][gc,phases    ] GC(0)   Other: 0.8ms
[2020-11-01T14:22:07.574+0000][gc,heap      ] GC(0) Eden regions: 41->0(44)
[2020-11-01T14:22:07.574+0000][gc,heap      ] GC(0) Survivor regions: 0->7(7)
[2020-11-01T14:22:07.574+0000][gc,heap      ] GC(0) Old regions: 0->0
[2020-11-01T14:22:07.574+0000][gc,heap      ] GC(0) Humongous regions: 0->0
[2020-11-01T14:22:07.574+0000][gc,metaspace ] GC(0) Metaspace: 20674K->20674K(1069056K)
[2020-11-01T14:22:07.574+0000][gc           ] GC(0) Pause Young (Concurrent Start) (Metadata GC Threshold) 41M->6M(1024M) 6.354ms
[2020-11-01T14:22:07.574+0000][gc,cpu       ] GC(0) User=0.01s Sys=0.00s Real=0.01s
[2020-11-01T14:22:07.574+0000][gc           ] GC(1) Concurrent Cycle
[2020-11-01T14:22:07.574+0000][gc,marking   ] GC(1) Concurrent Clear Claimed Marks
[2020-11-01T14:22:07.574+0000][gc,marking   ] GC(1) Concurrent Clear Claimed Marks 0.030ms
[2020-11-01T14:22:07.574+0000][gc,marking   ] GC(1) Concurrent Scan Root Regions
[2020-11-01T14:22:07.576+0000][gc,marking   ] GC(1) Concurrent Scan Root Regions 1.302ms
[2020-11-01T14:22:07.576+0000][gc,marking   ] GC(1) Concurrent Mark (0.661s)
[2020-11-01T14:22:07.576+0000][gc,marking   ] GC(1) Concurrent Mark From Roots
[2020-11-01T14:22:07.576+0000][gc,task      ] GC(1) Using 2 workers of 2 for marking
[2020-11-01T14:22:07.576+0000][gc,marking   ] GC(1) Concurrent Mark From Roots 0.160ms
[2020-11-01T14:22:07.576+0000][gc,marking   ] GC(1) Concurrent Preclean
[2020-11-01T14:22:07.576+0000][gc,marking   ] GC(1) Concurrent Preclean 0.034ms
[2020-11-01T14:22:07.576+0000][gc,marking   ] GC(1) Concurrent Mark (0.661s, 0.661s) 0.241ms
[2020-11-01T14:22:07.576+0000][gc,start     ] GC(1) Pause Remark
[2020-11-01T14:22:07.577+0000][gc,stringtable] GC(1) Cleaned string and symbol table, strings: 7386 processed, 0 removed, symbols: 63811 processed, 28 removed
[2020-11-01T14:22:07.577+0000][gc            ] GC(1) Pause Remark 6M->6M(1024M) 1.109ms
[2020-11-01T14:22:07.577+0000][gc,cpu        ] GC(1) User=0.00s Sys=0.00s Real=0.00s
[2020-11-01T14:22:07.577+0000][gc,marking    ] GC(1) Concurrent Rebuild Remembered Sets
[2020-11-01T14:22:07.577+0000][gc,marking    ] GC(1) Concurrent Rebuild Remembered Sets 0.056ms
[2020-11-01T14:22:07.577+0000][gc,start      ] GC(1) Pause Cleanup
[2020-11-01T14:22:07.578+0000][gc            ] GC(1) Pause Cleanup 6M->6M(1024M) 0.105ms
[2020-11-01T14:22:07.578+0000][gc,cpu        ] GC(1) User=0.00s Sys=0.00s Real=0.00s
[2020-11-01T14:22:07.578+0000][gc,marking    ] GC(1) Concurrent Cleanup for Next Mark
[2020-11-01T14:22:07.582+0000][gc,marking    ] GC(1) Concurrent Cleanup for Next Mark 4.233ms
[2020-11-01T14:22:07.582+0000][gc            ] GC(1) Concurrent Cycle 7.487ms
[2020-11-01T14:22:08.319+0000][gc,start      ] GC(2) Pause Young (Normal) (G1 Evacuation Pause)
[2020-11-01T14:22:08.319+0000][gc,task       ] GC(2) Using 8 workers of 8 for evacuation
[2020-11-01T14:22:08.323+0000][gc,phases     ] GC(2)   Pre Evacuate Collection Set: 0.0ms
[2020-11-01T14:22:08.324+0000][gc,phases     ] GC(2)   Evacuate Collection Set: 4.1ms
[2020-11-01T14:22:08.324+0000][gc,phases     ] GC(2)   Post Evacuate Collection Set: 0.4ms
[2020-11-01T14:22:08.324+0000][gc,phases     ] GC(2)   Other: 0.1ms
[2020-11-01T14:22:08.324+0000][gc,heap       ] GC(2) Eden regions: 44->0(49)
[2020-11-01T14:22:08.324+0000][gc,heap       ] GC(2) Survivor regions: 7->2(7)
[2020-11-01T14:22:08.324+0000][gc,heap       ] GC(2) Old regions: 0->7
[2020-11-01T14:22:08.324+0000][gc,heap       ] GC(2) Humongous regions: 0->0
[2020-11-01T14:22:08.324+0000][gc,metaspace  ] GC(2) Metaspace: 29304K->29304K(1075200K)
[2020-11-01T14:22:08.324+0000][gc            ] GC(2) Pause Young (Normal) (G1 Evacuation Pause) 50M->8M(1024M) 4.767ms
[2020-11-01T14:22:08.324+0000][gc,cpu        ] GC(2) User=0.02s Sys=0.01s Real=0.01s
[2020-11-01T14:22:08.562+0000][gc,start      ] GC(3) Pause Young (Concurrent Start) (Metadata GC Threshold)
[2020-11-01T14:22:08.562+0000][gc,task       ] GC(3) Using 8 workers of 8 for evacuation
[2020-11-01T14:22:08.564+0000][gc,phases     ] GC(3)   Pre Evacuate Collection Set: 0.1ms
[2020-11-01T14:22:08.564+0000][gc,phases     ] GC(3)   Evacuate Collection Set: 2.2ms
[2020-11-01T14:22:08.564+0000][gc,phases     ] GC(3)   Post Evacuate Collection Set: 0.3ms
[2020-11-01T14:22:08.564+0000][gc,phases     ] GC(3)   Other: 0.2ms
[2020-11-01T14:22:08.564+0000][gc,heap       ] GC(3) Eden regions: 27->0(47)
[2020-11-01T14:22:08.564+0000][gc,heap       ] GC(3) Survivor regions: 2->4(7)
[2020-11-01T14:22:08.564+0000][gc,heap       ] GC(3) Old regions: 7->7
[2020-11-01T14:22:08.564+0000][gc,heap       ] GC(3) Humongous regions: 129->129
[2020-11-01T14:22:08.564+0000][gc,metaspace  ] GC(3) Metaspace: 34649K->34649K(1081344K)
[2020-11-01T14:22:08.564+0000][gc            ] GC(3) Pause Young (Concurrent Start) (Metadata GC Threshold) 163M->138M(1024M) 2.867ms
[2020-11-01T14:22:08.564+0000][gc,cpu        ] GC(3) User=0.02s Sys=0.00s Real=0.00s
[2020-11-01T14:22:08.564+0000][gc            ] GC(4) Concurrent Cycle
[2020-11-01T14:22:08.565+0000][gc,marking    ] GC(4) Concurrent Clear Claimed Marks
[2020-11-01T14:22:08.565+0000][gc,marking    ] GC(4) Concurrent Clear Claimed Marks 0.024ms
[2020-11-01T14:22:08.565+0000][gc,marking    ] GC(4) Concurrent Scan Root Regions
[2020-11-01T14:22:08.566+0000][gc,marking    ] GC(4) Concurrent Scan Root Regions 1.396ms
[2020-11-01T14:22:08.566+0000][gc,marking    ] GC(4) Concurrent Mark (1.651s)
[2020-11-01T14:22:08.566+0000][gc,marking    ] GC(4) Concurrent Mark From Roots
[2020-11-01T14:22:08.566+0000][gc,task       ] GC(4) Using 2 workers of 2 for marking
[2020-11-01T14:22:08.571+0000][gc,marking    ] GC(4) Concurrent Mark From Roots 4.645ms
[2020-11-01T14:22:08.571+0000][gc,marking    ] GC(4) Concurrent Preclean
[2020-11-01T14:22:08.571+0000][gc,marking    ] GC(4) Concurrent Preclean 0.051ms
[2020-11-01T14:22:08.571+0000][gc,marking    ] GC(4) Concurrent Mark (1.651s, 1.656s) 4.737ms
[2020-11-01T14:22:08.571+0000][gc,start      ] GC(4) Pause Remark
[2020-11-01T14:22:08.573+0000][gc,stringtable] GC(4) Cleaned string and symbol table, strings: 11184 processed, 7 removed, symbols: 95070 processed, 17 removed
[2020-11-01T14:22:08.573+0000][gc            ] GC(4) Pause Remark 139M->139M(1024M) 2.108ms
[2020-11-01T14:22:08.573+0000][gc,cpu        ] GC(4) User=0.02s Sys=0.00s Real=0.00s
[2020-11-01T14:22:08.573+0000][gc,marking    ] GC(4) Concurrent Rebuild Remembered Sets
[2020-11-01T14:22:08.576+0000][gc,marking    ] GC(4) Concurrent Rebuild Remembered Sets 2.756ms
[2020-11-01T14:22:08.576+0000][gc,start      ] GC(4) Pause Cleanup
[2020-11-01T14:22:08.576+0000][gc            ] GC(4) Pause Cleanup 139M->139M(1024M) 0.144ms
[2020-11-01T14:22:08.576+0000][gc,cpu        ] GC(4) User=0.00s Sys=0.00s Real=0.00s
[2020-11-01T14:22:08.576+0000][gc,marking    ] GC(4) Concurrent Cleanup for Next Mark
[2020-11-01T14:22:08.581+0000][gc,marking    ] GC(4) Concurrent Cleanup for Next Mark 4.579ms
[2020-11-01T14:22:08.581+0000][gc            ] GC(4) Concurrent Cycle 16.228ms
[2020-11-01T14:22:09.004+0000][gc,start      ] GC(5) Pause Young (Normal) (G1 Evacuation Pause)
[2020-11-01T14:22:09.004+0000][gc,task       ] GC(5) Using 8 workers of 8 for evacuation
[2020-11-01T14:22:09.008+0000][gc,phases     ] GC(5)   Pre Evacuate Collection Set: 0.0ms
[2020-11-01T14:22:09.008+0000][gc,phases     ] GC(5)   Evacuate Collection Set: 3.6ms
[2020-11-01T14:22:09.008+0000][gc,phases     ] GC(5)   Post Evacuate Collection Set: 0.3ms
[2020-11-01T14:22:09.008+0000][gc,phases     ] GC(5)   Other: 0.1ms
[2020-11-01T14:22:09.008+0000][gc,heap       ] GC(5) Eden regions: 47->0(44)
[2020-11-01T14:22:09.008+0000][gc,heap       ] GC(5) Survivor regions: 4->7(7)
[2020-11-01T14:22:09.008+0000][gc,heap       ] GC(5) Old regions: 7->7
[2020-11-01T14:22:09.008+0000][gc,heap       ] GC(5) Humongous regions: 135->135
[2020-11-01T14:22:09.008+0000][gc,metaspace  ] GC(5) Metaspace: 43158K->43158K(1089536K)
[2020-11-01T14:22:09.008+0000][gc            ] GC(5) Pause Young (Normal) (G1 Evacuation Pause) 191M->148M(1024M) 4.222ms
[2020-11-01T14:22:09.008+0000][gc,cpu        ] GC(5) User=0.03s Sys=0.01s Real=0.00s
[2020-11-01T14:31:27.119+0000][gc,start      ] GC(6) Pause Young (Normal) (G1 Evacuation Pause)
[2020-11-01T14:31:27.119+0000][gc,task       ] GC(6) Using 8 workers of 8 for evacuation
[2020-11-01T14:31:27.125+0000][gc,phases     ] GC(6)   Pre Evacuate Collection Set: 0.0ms
[2020-11-01T14:31:27.125+0000][gc,phases     ] GC(6)   Evacuate Collection Set: 5.3ms
[2020-11-01T14:31:27.125+0000][gc,phases     ] GC(6)   Post Evacuate Collection Set: 0.5ms
[2020-11-01T14:31:27.125+0000][gc,phases     ] GC(6)   Other: 0.2ms
[2020-11-01T14:31:27.125+0000][gc,heap       ] GC(6) Eden regions: 44->0(47)
[2020-11-01T14:31:27.125+0000][gc,heap       ] GC(6) Survivor regions: 7->4(7)
[2020-11-01T14:31:27.125+0000][gc,heap       ] GC(6) Old regions: 7->13
[2020-11-01T14:31:27.125+0000][gc,heap       ] GC(6) Humongous regions: 141->129
[2020-11-01T14:31:27.125+0000][gc,metaspace  ] GC(6) Metaspace: 47152K->47152K(1091584K)
[2020-11-01T14:31:27.125+0000][gc            ] GC(6) Pause Young (Normal) (G1 Evacuation Pause) 198M->145M(1024M) 6.095ms
[2020-11-01T14:31:27.125+0000][gc,cpu        ] GC(6) User=0.04s Sys=0.00s Real=0.01s
[2020-11-01T14:41:09.730+0000][gc,heap,exit  ] Heap
[2020-11-01T14:41:09.730+0000][gc,heap,exit  ]  garbage-first heap   total 1048576K, used 192353K [0x00000007c0000000, 0x0000000800000000)
[2020-11-01T14:41:09.730+0000][gc,heap,exit  ]   region size 1024K, 47 young (48128K), 4 survivors (4096K)
[2020-11-01T14:41:09.730+0000][gc,heap,exit  ]  Metaspace       used 47999K, capacity 50183K, committed 50480K, reserved 1093632K
[2020-11-01T14:41:09.730+0000][gc,heap,exit  ]   class space    used 5670K, capacity 6709K, committed 6784K, reserved 1048576K
