[2020-11-06T12:55:09.921+0000][gc,heap] Heap region size: 1M
[2020-11-06T12:55:09.928+0000][gc     ] Using G1
[2020-11-06T12:55:09.928+0000][gc,heap,coops] Heap address: 0x00000007c0000000, size: 1024 MB, Compressed Oops mode: Zero based, Oop shift amount: 3
[2020-11-06T12:55:10.660+0000][gc,start     ] GC(0) Pause Young (Concurrent Start) (Metadata GC Threshold)
[2020-11-06T12:55:10.660+0000][gc,task      ] GC(0) Using 8 workers of 8 for evacuation
[2020-11-06T12:55:10.667+0000][gc,phases    ] GC(0)   Pre Evacuate Collection Set: 0.0ms
[2020-11-06T12:55:10.667+0000][gc,phases    ] GC(0)   Evacuate Collection Set: 6.2ms
[2020-11-06T12:55:10.667+0000][gc,phases    ] GC(0)   Post Evacuate Collection Set: 0.3ms
[2020-11-06T12:55:10.667+0000][gc,phases    ] GC(0)   Other: 0.7ms
[2020-11-06T12:55:10.667+0000][gc,heap      ] GC(0) Eden regions: 41->0(44)
[2020-11-06T12:55:10.667+0000][gc,heap      ] GC(0) Survivor regions: 0->7(7)
[2020-11-06T12:55:10.667+0000][gc,heap      ] GC(0) Old regions: 0->0
[2020-11-06T12:55:10.667+0000][gc,heap      ] GC(0) Humongous regions: 0->0
[2020-11-06T12:55:10.667+0000][gc,metaspace ] GC(0) Metaspace: 20674K->20674K(1069056K)
[2020-11-06T12:55:10.667+0000][gc           ] GC(0) Pause Young (Concurrent Start) (Metadata GC Threshold) 41M->6M(1024M) 7.347ms
[2020-11-06T12:55:10.667+0000][gc,cpu       ] GC(0) User=0.02s Sys=0.01s Real=0.00s
[2020-11-06T12:55:10.667+0000][gc           ] GC(1) Concurrent Cycle
[2020-11-06T12:55:10.667+0000][gc,marking   ] GC(1) Concurrent Clear Claimed Marks
[2020-11-06T12:55:10.667+0000][gc,marking   ] GC(1) Concurrent Clear Claimed Marks 0.017ms
[2020-11-06T12:55:10.667+0000][gc,marking   ] GC(1) Concurrent Scan Root Regions
[2020-11-06T12:55:10.668+0000][gc,marking   ] GC(1) Concurrent Scan Root Regions 1.212ms
[2020-11-06T12:55:10.668+0000][gc,marking   ] GC(1) Concurrent Mark (0.756s)
[2020-11-06T12:55:10.668+0000][gc,marking   ] GC(1) Concurrent Mark From Roots
[2020-11-06T12:55:10.669+0000][gc,task      ] GC(1) Using 2 workers of 2 for marking
[2020-11-06T12:55:10.669+0000][gc,marking   ] GC(1) Concurrent Mark From Roots 0.124ms
[2020-11-06T12:55:10.669+0000][gc,marking   ] GC(1) Concurrent Preclean
[2020-11-06T12:55:10.669+0000][gc,marking   ] GC(1) Concurrent Preclean 0.026ms
[2020-11-06T12:55:10.669+0000][gc,marking   ] GC(1) Concurrent Mark (0.756s, 0.756s) 0.178ms
[2020-11-06T12:55:10.669+0000][gc,start     ] GC(1) Pause Remark
[2020-11-06T12:55:10.670+0000][gc,stringtable] GC(1) Cleaned string and symbol table, strings: 7372 processed, 0 removed, symbols: 63817 processed, 28 removed
[2020-11-06T12:55:10.671+0000][gc            ] GC(1) Pause Remark 6M->6M(1024M) 1.701ms
[2020-11-06T12:55:10.671+0000][gc,cpu        ] GC(1) User=0.01s Sys=0.00s Real=0.01s
[2020-11-06T12:55:10.671+0000][gc,marking    ] GC(1) Concurrent Rebuild Remembered Sets
[2020-11-06T12:55:10.671+0000][gc,marking    ] GC(1) Concurrent Rebuild Remembered Sets 0.046ms
[2020-11-06T12:55:10.671+0000][gc,start      ] GC(1) Pause Cleanup
[2020-11-06T12:55:10.671+0000][gc            ] GC(1) Pause Cleanup 6M->6M(1024M) 0.073ms
[2020-11-06T12:55:10.671+0000][gc,cpu        ] GC(1) User=0.00s Sys=0.00s Real=0.00s
[2020-11-06T12:55:10.671+0000][gc,marking    ] GC(1) Concurrent Cleanup for Next Mark
[2020-11-06T12:55:10.676+0000][gc,marking    ] GC(1) Concurrent Cleanup for Next Mark 4.627ms
[2020-11-06T12:55:10.676+0000][gc            ] GC(1) Concurrent Cycle 8.388ms
[2020-11-06T12:55:11.552+0000][gc,start      ] GC(2) Pause Young (Normal) (G1 Evacuation Pause)
[2020-11-06T12:55:11.552+0000][gc,task       ] GC(2) Using 8 workers of 8 for evacuation
[2020-11-06T12:55:11.560+0000][gc,phases     ] GC(2)   Pre Evacuate Collection Set: 0.0ms
[2020-11-06T12:55:11.560+0000][gc,phases     ] GC(2)   Evacuate Collection Set: 8.2ms
[2020-11-06T12:55:11.560+0000][gc,phases     ] GC(2)   Post Evacuate Collection Set: 0.4ms
[2020-11-06T12:55:11.560+0000][gc,phases     ] GC(2)   Other: 0.1ms
[2020-11-06T12:55:11.560+0000][gc,heap       ] GC(2) Eden regions: 44->0(48)
[2020-11-06T12:55:11.560+0000][gc,heap       ] GC(2) Survivor regions: 7->3(7)
[2020-11-06T12:55:11.560+0000][gc,heap       ] GC(2) Old regions: 0->7
[2020-11-06T12:55:11.560+0000][gc,heap       ] GC(2) Humongous regions: 129->129
[2020-11-06T12:55:11.560+0000][gc,metaspace  ] GC(2) Metaspace: 30300K->30300K(1077248K)
[2020-11-06T12:55:11.560+0000][gc            ] GC(2) Pause Young (Normal) (G1 Evacuation Pause) 179M->137M(1024M) 8.938ms
[2020-11-06T12:55:11.560+0000][gc,cpu        ] GC(2) User=0.02s Sys=0.01s Real=0.01s
[2020-11-06T12:55:11.935+0000][gc,start      ] GC(3) Pause Young (Concurrent Start) (Metadata GC Threshold)
[2020-11-06T12:55:11.935+0000][gc,task       ] GC(3) Using 8 workers of 8 for evacuation
[2020-11-06T12:55:11.940+0000][gc,phases     ] GC(3)   Pre Evacuate Collection Set: 0.1ms
[2020-11-06T12:55:11.940+0000][gc,phases     ] GC(3)   Evacuate Collection Set: 4.0ms
[2020-11-06T12:55:11.940+0000][gc,phases     ] GC(3)   Post Evacuate Collection Set: 0.2ms
[2020-11-06T12:55:11.940+0000][gc,phases     ] GC(3)   Other: 0.2ms
[2020-11-06T12:55:11.940+0000][gc,heap       ] GC(3) Eden regions: 26->0(46)
[2020-11-06T12:55:11.940+0000][gc,heap       ] GC(3) Survivor regions: 3->5(7)
[2020-11-06T12:55:11.940+0000][gc,heap       ] GC(3) Old regions: 7->7
[2020-11-06T12:55:11.940+0000][gc,heap       ] GC(3) Humongous regions: 129->129
[2020-11-06T12:55:11.940+0000][gc,metaspace  ] GC(3) Metaspace: 34661K->34661K(1081344K)
[2020-11-06T12:55:11.940+0000][gc            ] GC(3) Pause Young (Concurrent Start) (Metadata GC Threshold) 163M->139M(1024M) 4.700ms
[2020-11-06T12:55:11.940+0000][gc,cpu        ] GC(3) User=0.02s Sys=0.00s Real=0.01s
[2020-11-06T12:55:11.940+0000][gc            ] GC(4) Concurrent Cycle
[2020-11-06T12:55:11.940+0000][gc,marking    ] GC(4) Concurrent Clear Claimed Marks
[2020-11-06T12:55:11.940+0000][gc,marking    ] GC(4) Concurrent Clear Claimed Marks 0.055ms
[2020-11-06T12:55:11.940+0000][gc,marking    ] GC(4) Concurrent Scan Root Regions
[2020-11-06T12:55:11.942+0000][gc,marking    ] GC(4) Concurrent Scan Root Regions 1.932ms
[2020-11-06T12:55:11.942+0000][gc,marking    ] GC(4) Concurrent Mark (2.030s)
[2020-11-06T12:55:11.942+0000][gc,marking    ] GC(4) Concurrent Mark From Roots
[2020-11-06T12:55:11.942+0000][gc,task       ] GC(4) Using 2 workers of 2 for marking
[2020-11-06T12:55:11.949+0000][gc,marking    ] GC(4) Concurrent Mark From Roots 6.357ms
[2020-11-06T12:55:11.949+0000][gc,marking    ] GC(4) Concurrent Preclean
[2020-11-06T12:55:11.949+0000][gc,marking    ] GC(4) Concurrent Preclean 0.077ms
[2020-11-06T12:55:11.949+0000][gc,marking    ] GC(4) Concurrent Mark (2.030s, 2.036s) 6.522ms
[2020-11-06T12:55:11.949+0000][gc,start      ] GC(4) Pause Remark
[2020-11-06T12:55:11.955+0000][gc,stringtable] GC(4) Cleaned string and symbol table, strings: 11530 processed, 6 removed, symbols: 96372 processed, 24 removed
[2020-11-06T12:55:11.955+0000][gc            ] GC(4) Pause Remark 140M->140M(1024M) 6.473ms
[2020-11-06T12:55:11.955+0000][gc,cpu        ] GC(4) User=0.01s Sys=0.00s Real=0.01s
[2020-11-06T12:55:11.956+0000][gc,marking    ] GC(4) Concurrent Rebuild Remembered Sets
[2020-11-06T12:55:11.958+0000][gc,marking    ] GC(4) Concurrent Rebuild Remembered Sets 2.701ms
[2020-11-06T12:55:11.958+0000][gc,start      ] GC(4) Pause Cleanup
[2020-11-06T12:55:11.959+0000][gc            ] GC(4) Pause Cleanup 140M->140M(1024M) 0.150ms
[2020-11-06T12:55:11.959+0000][gc,cpu        ] GC(4) User=0.00s Sys=0.00s Real=0.00s
[2020-11-06T12:55:11.959+0000][gc,marking    ] GC(4) Concurrent Cleanup for Next Mark
[2020-11-06T12:55:11.965+0000][gc,marking    ] GC(4) Concurrent Cleanup for Next Mark 6.050ms
[2020-11-06T12:55:11.965+0000][gc            ] GC(4) Concurrent Cycle 25.023ms
[2020-11-06T12:55:52.130+0000][gc,start      ] GC(5) Pause Young (Normal) (G1 Evacuation Pause)
[2020-11-06T12:55:52.130+0000][gc,task       ] GC(5) Using 8 workers of 8 for evacuation
[2020-11-06T12:55:52.137+0000][gc,phases     ] GC(5)   Pre Evacuate Collection Set: 0.1ms
[2020-11-06T12:55:52.137+0000][gc,phases     ] GC(5)   Evacuate Collection Set: 6.0ms
[2020-11-06T12:55:52.137+0000][gc,phases     ] GC(5)   Post Evacuate Collection Set: 0.5ms
[2020-11-06T12:55:52.137+0000][gc,phases     ] GC(5)   Other: 0.2ms
[2020-11-06T12:55:52.137+0000][gc,heap       ] GC(5) Eden regions: 46->0(45)
[2020-11-06T12:55:52.137+0000][gc,heap       ] GC(5) Survivor regions: 5->6(7)
[2020-11-06T12:55:52.137+0000][gc,heap       ] GC(5) Old regions: 7->9
[2020-11-06T12:55:52.137+0000][gc,heap       ] GC(5) Humongous regions: 129->129
[2020-11-06T12:55:52.137+0000][gc,metaspace  ] GC(5) Metaspace: 44280K->44280K(1089536K)
[2020-11-06T12:55:52.137+0000][gc            ] GC(5) Pause Young (Normal) (G1 Evacuation Pause) 185M->142M(1024M) 6.956ms
[2020-11-06T12:55:52.137+0000][gc,cpu        ] GC(5) User=0.03s Sys=0.00s Real=0.00s
[2020-11-06T13:02:07.859+0000][gc,start      ] GC(6) Pause Young (Normal) (G1 Evacuation Pause)
[2020-11-06T13:02:07.859+0000][gc,task       ] GC(6) Using 8 workers of 8 for evacuation
[2020-11-06T13:02:07.865+0000][gc,phases     ] GC(6)   Pre Evacuate Collection Set: 0.0ms
[2020-11-06T13:02:07.866+0000][gc,phases     ] GC(6)   Evacuate Collection Set: 5.4ms
[2020-11-06T13:02:07.866+0000][gc,phases     ] GC(6)   Post Evacuate Collection Set: 0.5ms
[2020-11-06T13:02:07.866+0000][gc,phases     ] GC(6)   Other: 0.3ms
[2020-11-06T13:02:07.866+0000][gc,heap       ] GC(6) Eden regions: 45->0(45)
[2020-11-06T13:02:07.866+0000][gc,heap       ] GC(6) Survivor regions: 6->6(7)
[2020-11-06T13:02:07.866+0000][gc,heap       ] GC(6) Old regions: 9->11
[2020-11-06T13:02:07.866+0000][gc,heap       ] GC(6) Humongous regions: 129->129
[2020-11-06T13:02:07.866+0000][gc,metaspace  ] GC(6) Metaspace: 47079K->47079K(1091584K)
[2020-11-06T13:02:07.866+0000][gc            ] GC(6) Pause Young (Normal) (G1 Evacuation Pause) 187M->145M(1024M) 6.275ms
[2020-11-06T13:02:07.866+0000][gc,cpu        ] GC(6) User=0.03s Sys=0.01s Real=0.01s
[2020-11-06T13:14:33.783+0000][gc,start      ] GC(7) Pause Young (Normal) (G1 Evacuation Pause)
[2020-11-06T13:14:33.783+0000][gc,task       ] GC(7) Using 8 workers of 8 for evacuation
[2020-11-06T13:14:33.789+0000][gc,phases     ] GC(7)   Pre Evacuate Collection Set: 0.0ms
[2020-11-06T13:14:33.789+0000][gc,phases     ] GC(7)   Evacuate Collection Set: 4.6ms
[2020-11-06T13:14:33.789+0000][gc,phases     ] GC(7)   Post Evacuate Collection Set: 0.5ms
[2020-11-06T13:14:33.789+0000][gc,phases     ] GC(7)   Other: 0.2ms
[2020-11-06T13:14:33.789+0000][gc,heap       ] GC(7) Eden regions: 45->0(46)
[2020-11-06T13:14:33.789+0000][gc,heap       ] GC(7) Survivor regions: 6->5(7)
[2020-11-06T13:14:33.789+0000][gc,heap       ] GC(7) Old regions: 11->14
[2020-11-06T13:14:33.789+0000][gc,heap       ] GC(7) Humongous regions: 129->129
[2020-11-06T13:14:33.789+0000][gc,metaspace  ] GC(7) Metaspace: 47356K->47356K(1093632K)
[2020-11-06T13:14:33.789+0000][gc            ] GC(7) Pause Young (Normal) (G1 Evacuation Pause) 190M->146M(1024M) 5.633ms
[2020-11-06T13:14:33.789+0000][gc,cpu        ] GC(7) User=0.03s Sys=0.00s Real=0.00s
