[2020-11-06T14:28:08.413+0000][gc,heap] Heap region size: 1M
[2020-11-06T14:28:08.420+0000][gc     ] Using G1
[2020-11-06T14:28:08.420+0000][gc,heap,coops] Heap address: 0x00000007c0000000, size: 1024 MB, Compressed Oops mode: Zero based, Oop shift amount: 3
[2020-11-06T14:28:09.059+0000][gc,start     ] GC(0) Pause Young (Concurrent Start) (Metadata GC Threshold)
[2020-11-06T14:28:09.060+0000][gc,task      ] GC(0) Using 8 workers of 8 for evacuation
[2020-11-06T14:28:09.067+0000][gc,phases    ] GC(0)   Pre Evacuate Collection Set: 0.0ms
[2020-11-06T14:28:09.067+0000][gc,phases    ] GC(0)   Evacuate Collection Set: 6.5ms
[2020-11-06T14:28:09.067+0000][gc,phases    ] GC(0)   Post Evacuate Collection Set: 0.4ms
[2020-11-06T14:28:09.067+0000][gc,phases    ] GC(0)   Other: 1.3ms
[2020-11-06T14:28:09.067+0000][gc,heap      ] GC(0) Eden regions: 41->0(44)
[2020-11-06T14:28:09.067+0000][gc,heap      ] GC(0) Survivor regions: 0->7(7)
[2020-11-06T14:28:09.067+0000][gc,heap      ] GC(0) Old regions: 0->0
[2020-11-06T14:28:09.067+0000][gc,heap      ] GC(0) Humongous regions: 0->0
[2020-11-06T14:28:09.067+0000][gc,metaspace ] GC(0) Metaspace: 20663K->20663K(1069056K)
[2020-11-06T14:28:09.067+0000][gc           ] GC(0) Pause Young (Concurrent Start) (Metadata GC Threshold) 41M->6M(1024M) 8.231ms
[2020-11-06T14:28:09.067+0000][gc,cpu       ] GC(0) User=0.01s Sys=0.00s Real=0.01s
[2020-11-06T14:28:09.067+0000][gc           ] GC(1) Concurrent Cycle
[2020-11-06T14:28:09.067+0000][gc,marking   ] GC(1) Concurrent Clear Claimed Marks
[2020-11-06T14:28:09.067+0000][gc,marking   ] GC(1) Concurrent Clear Claimed Marks 0.022ms
[2020-11-06T14:28:09.067+0000][gc,marking   ] GC(1) Concurrent Scan Root Regions
[2020-11-06T14:28:09.069+0000][gc,marking   ] GC(1) Concurrent Scan Root Regions 1.627ms
[2020-11-06T14:28:09.069+0000][gc,marking   ] GC(1) Concurrent Mark (0.665s)
[2020-11-06T14:28:09.069+0000][gc,marking   ] GC(1) Concurrent Mark From Roots
[2020-11-06T14:28:09.069+0000][gc,task      ] GC(1) Using 2 workers of 2 for marking
[2020-11-06T14:28:09.069+0000][gc,marking   ] GC(1) Concurrent Mark From Roots 0.156ms
[2020-11-06T14:28:09.069+0000][gc,marking   ] GC(1) Concurrent Preclean
[2020-11-06T14:28:09.069+0000][gc,marking   ] GC(1) Concurrent Preclean 0.023ms
[2020-11-06T14:28:09.069+0000][gc,marking   ] GC(1) Concurrent Mark (0.665s, 0.666s) 0.232ms
[2020-11-06T14:28:09.069+0000][gc,start     ] GC(1) Pause Remark
[2020-11-06T14:28:09.071+0000][gc,stringtable] GC(1) Cleaned string and symbol table, strings: 7389 processed, 0 removed, symbols: 63841 processed, 34 removed
[2020-11-06T14:28:09.071+0000][gc            ] GC(1) Pause Remark 6M->6M(1024M) 1.620ms
[2020-11-06T14:28:09.071+0000][gc,cpu        ] GC(1) User=0.01s Sys=0.00s Real=0.01s
[2020-11-06T14:28:09.071+0000][gc,marking    ] GC(1) Concurrent Rebuild Remembered Sets
[2020-11-06T14:28:09.071+0000][gc,marking    ] GC(1) Concurrent Rebuild Remembered Sets 0.045ms
[2020-11-06T14:28:09.071+0000][gc,start      ] GC(1) Pause Cleanup
[2020-11-06T14:28:09.071+0000][gc            ] GC(1) Pause Cleanup 6M->6M(1024M) 0.180ms
[2020-11-06T14:28:09.071+0000][gc,cpu        ] GC(1) User=0.00s Sys=0.00s Real=0.00s
[2020-11-06T14:28:09.071+0000][gc,marking    ] GC(1) Concurrent Cleanup for Next Mark
[2020-11-06T14:28:09.076+0000][gc,marking    ] GC(1) Concurrent Cleanup for Next Mark 4.901ms
[2020-11-06T14:28:09.076+0000][gc            ] GC(1) Concurrent Cycle 9.295ms
[2020-11-06T14:28:09.855+0000][gc,start      ] GC(2) Pause Young (Normal) (G1 Evacuation Pause)
[2020-11-06T14:28:09.855+0000][gc,task       ] GC(2) Using 8 workers of 8 for evacuation
[2020-11-06T14:28:09.861+0000][gc,phases     ] GC(2)   Pre Evacuate Collection Set: 0.0ms
[2020-11-06T14:28:09.862+0000][gc,phases     ] GC(2)   Evacuate Collection Set: 6.2ms
[2020-11-06T14:28:09.862+0000][gc,phases     ] GC(2)   Post Evacuate Collection Set: 0.5ms
[2020-11-06T14:28:09.862+0000][gc,phases     ] GC(2)   Other: 0.1ms
[2020-11-06T14:28:09.862+0000][gc,heap       ] GC(2) Eden regions: 44->0(49)
[2020-11-06T14:28:09.862+0000][gc,heap       ] GC(2) Survivor regions: 7->2(7)
[2020-11-06T14:28:09.862+0000][gc,heap       ] GC(2) Old regions: 0->7
[2020-11-06T14:28:09.862+0000][gc,heap       ] GC(2) Humongous regions: 0->0
[2020-11-06T14:28:09.862+0000][gc,metaspace  ] GC(2) Metaspace: 29300K->29300K(1075200K)
[2020-11-06T14:28:09.862+0000][gc            ] GC(2) Pause Young (Normal) (G1 Evacuation Pause) 50M->8M(1024M) 7.046ms
[2020-11-06T14:28:09.862+0000][gc,cpu        ] GC(2) User=0.04s Sys=0.00s Real=0.01s
[2020-11-06T14:28:10.127+0000][gc,start      ] GC(3) Pause Young (Concurrent Start) (Metadata GC Threshold)
[2020-11-06T14:28:10.127+0000][gc,task       ] GC(3) Using 8 workers of 8 for evacuation
[2020-11-06T14:28:10.130+0000][gc,phases     ] GC(3)   Pre Evacuate Collection Set: 0.1ms
[2020-11-06T14:28:10.131+0000][gc,phases     ] GC(3)   Evacuate Collection Set: 2.7ms
[2020-11-06T14:28:10.131+0000][gc,phases     ] GC(3)   Post Evacuate Collection Set: 0.3ms
[2020-11-06T14:28:10.131+0000][gc,phases     ] GC(3)   Other: 0.2ms
[2020-11-06T14:28:10.131+0000][gc,heap       ] GC(3) Eden regions: 27->0(47)
[2020-11-06T14:28:10.131+0000][gc,heap       ] GC(3) Survivor regions: 2->4(7)
[2020-11-06T14:28:10.131+0000][gc,heap       ] GC(3) Old regions: 7->7
[2020-11-06T14:28:10.131+0000][gc,heap       ] GC(3) Humongous regions: 129->129
[2020-11-06T14:28:10.131+0000][gc,metaspace  ] GC(3) Metaspace: 34689K->34689K(1081344K)
[2020-11-06T14:28:10.131+0000][gc            ] GC(3) Pause Young (Concurrent Start) (Metadata GC Threshold) 163M->138M(1024M) 3.326ms
[2020-11-06T14:28:10.131+0000][gc,cpu        ] GC(3) User=0.02s Sys=0.00s Real=0.01s
[2020-11-06T14:28:10.131+0000][gc            ] GC(4) Concurrent Cycle
[2020-11-06T14:28:10.131+0000][gc,marking    ] GC(4) Concurrent Clear Claimed Marks
[2020-11-06T14:28:10.131+0000][gc,marking    ] GC(4) Concurrent Clear Claimed Marks 0.020ms
[2020-11-06T14:28:10.131+0000][gc,marking    ] GC(4) Concurrent Scan Root Regions
[2020-11-06T14:28:10.132+0000][gc,marking    ] GC(4) Concurrent Scan Root Regions 1.400ms
[2020-11-06T14:28:10.132+0000][gc,marking    ] GC(4) Concurrent Mark (1.729s)
[2020-11-06T14:28:10.132+0000][gc,marking    ] GC(4) Concurrent Mark From Roots
[2020-11-06T14:28:10.132+0000][gc,task       ] GC(4) Using 2 workers of 2 for marking
[2020-11-06T14:28:10.136+0000][gc,marking    ] GC(4) Concurrent Mark From Roots 3.813ms
[2020-11-06T14:28:10.136+0000][gc,marking    ] GC(4) Concurrent Preclean
[2020-11-06T14:28:10.136+0000][gc,marking    ] GC(4) Concurrent Preclean 0.044ms
[2020-11-06T14:28:10.136+0000][gc,marking    ] GC(4) Concurrent Mark (1.729s, 1.733s) 3.895ms
[2020-11-06T14:28:10.136+0000][gc,start      ] GC(4) Pause Remark
[2020-11-06T14:28:10.138+0000][gc,stringtable] GC(4) Cleaned string and symbol table, strings: 11177 processed, 7 removed, symbols: 95074 processed, 16 removed
[2020-11-06T14:28:10.138+0000][gc            ] GC(4) Pause Remark 138M->138M(1024M) 2.071ms
[2020-11-06T14:28:10.138+0000][gc,cpu        ] GC(4) User=0.01s Sys=0.00s Real=0.00s
[2020-11-06T14:28:10.138+0000][gc,marking    ] GC(4) Concurrent Rebuild Remembered Sets
[2020-11-06T14:28:10.141+0000][gc,marking    ] GC(4) Concurrent Rebuild Remembered Sets 2.920ms
[2020-11-06T14:28:10.141+0000][gc,start      ] GC(4) Pause Cleanup
[2020-11-06T14:28:10.141+0000][gc            ] GC(4) Pause Cleanup 139M->139M(1024M) 0.122ms
[2020-11-06T14:28:10.142+0000][gc,cpu        ] GC(4) User=0.00s Sys=0.00s Real=0.00s
[2020-11-06T14:28:10.142+0000][gc,marking    ] GC(4) Concurrent Cleanup for Next Mark
[2020-11-06T14:28:10.147+0000][gc,marking    ] GC(4) Concurrent Cleanup for Next Mark 5.579ms
[2020-11-06T14:28:10.147+0000][gc            ] GC(4) Concurrent Cycle 16.497ms
[2020-11-06T14:28:10.612+0000][gc,start      ] GC(5) Pause Young (Normal) (G1 Evacuation Pause)
[2020-11-06T14:28:10.612+0000][gc,task       ] GC(5) Using 8 workers of 8 for evacuation
[2020-11-06T14:28:10.620+0000][gc,phases     ] GC(5)   Pre Evacuate Collection Set: 0.0ms
[2020-11-06T14:28:10.620+0000][gc,phases     ] GC(5)   Evacuate Collection Set: 6.9ms
[2020-11-06T14:28:10.620+0000][gc,phases     ] GC(5)   Post Evacuate Collection Set: 0.5ms
[2020-11-06T14:28:10.620+0000][gc,phases     ] GC(5)   Other: 0.2ms
[2020-11-06T14:28:10.620+0000][gc,heap       ] GC(5) Eden regions: 47->0(44)
[2020-11-06T14:28:10.620+0000][gc,heap       ] GC(5) Survivor regions: 4->7(7)
[2020-11-06T14:28:10.620+0000][gc,heap       ] GC(5) Old regions: 7->7
[2020-11-06T14:28:10.620+0000][gc,heap       ] GC(5) Humongous regions: 135->135
[2020-11-06T14:28:10.620+0000][gc,metaspace  ] GC(5) Metaspace: 43034K->43034K(1089536K)
[2020-11-06T14:28:10.620+0000][gc            ] GC(5) Pause Young (Normal) (G1 Evacuation Pause) 191M->148M(1024M) 7.711ms
[2020-11-06T14:28:10.620+0000][gc,cpu        ] GC(5) User=0.04s Sys=0.01s Real=0.01s
[2020-11-06T14:31:34.152+0000][gc,heap,exit  ] Heap
[2020-11-06T14:31:34.152+0000][gc,heap,exit  ]  garbage-first heap   total 1048576K, used 224300K [0x00000007c0000000, 0x0000000800000000)
[2020-11-06T14:31:34.152+0000][gc,heap,exit  ]   region size 1024K, 44 young (45056K), 7 survivors (7168K)
[2020-11-06T14:31:34.152+0000][gc,heap,exit  ]  Metaspace       used 48002K, capacity 50318K, committed 50480K, reserved 1093632K
[2020-11-06T14:31:34.152+0000][gc,heap,exit  ]   class space    used 5809K, capacity 6939K, committed 7040K, reserved 1048576K
