[2020-11-06T14:04:56.119+0000][gc,heap] Heap region size: 1M
[2020-11-06T14:04:56.126+0000][gc     ] Using G1
[2020-11-06T14:04:56.126+0000][gc,heap,coops] Heap address: 0x00000007c0000000, size: 1024 MB, Compressed Oops mode: Zero based, Oop shift amount: 3
[2020-11-06T14:04:56.826+0000][gc,start     ] GC(0) Pause Young (Concurrent Start) (Metadata GC Threshold)
[2020-11-06T14:04:56.826+0000][gc,task      ] GC(0) Using 8 workers of 8 for evacuation
[2020-11-06T14:04:56.833+0000][gc,phases    ] GC(0)   Pre Evacuate Collection Set: 0.0ms
[2020-11-06T14:04:56.833+0000][gc,phases    ] GC(0)   Evacuate Collection Set: 6.0ms
[2020-11-06T14:04:56.833+0000][gc,phases    ] GC(0)   Post Evacuate Collection Set: 0.3ms
[2020-11-06T14:04:56.833+0000][gc,phases    ] GC(0)   Other: 0.9ms
[2020-11-06T14:04:56.833+0000][gc,heap      ] GC(0) Eden regions: 41->0(44)
[2020-11-06T14:04:56.833+0000][gc,heap      ] GC(0) Survivor regions: 0->7(7)
[2020-11-06T14:04:56.833+0000][gc,heap      ] GC(0) Old regions: 0->0
[2020-11-06T14:04:56.833+0000][gc,heap      ] GC(0) Humongous regions: 0->0
[2020-11-06T14:04:56.833+0000][gc,metaspace ] GC(0) Metaspace: 20638K->20638K(1069056K)
[2020-11-06T14:04:56.833+0000][gc           ] GC(0) Pause Young (Concurrent Start) (Metadata GC Threshold) 41M->6M(1024M) 7.295ms
[2020-11-06T14:04:56.833+0000][gc,cpu       ] GC(0) User=0.01s Sys=0.01s Real=0.01s
[2020-11-06T14:04:56.833+0000][gc           ] GC(1) Concurrent Cycle
[2020-11-06T14:04:56.833+0000][gc,marking   ] GC(1) Concurrent Clear Claimed Marks
[2020-11-06T14:04:56.833+0000][gc,marking   ] GC(1) Concurrent Clear Claimed Marks 0.017ms
[2020-11-06T14:04:56.833+0000][gc,marking   ] GC(1) Concurrent Scan Root Regions
[2020-11-06T14:04:56.835+0000][gc,marking   ] GC(1) Concurrent Scan Root Regions 1.437ms
[2020-11-06T14:04:56.835+0000][gc,marking   ] GC(1) Concurrent Mark (0.726s)
[2020-11-06T14:04:56.835+0000][gc,marking   ] GC(1) Concurrent Mark From Roots
[2020-11-06T14:04:56.835+0000][gc,task      ] GC(1) Using 2 workers of 2 for marking
[2020-11-06T14:04:56.835+0000][gc,marking   ] GC(1) Concurrent Mark From Roots 0.214ms
[2020-11-06T14:04:56.835+0000][gc,marking   ] GC(1) Concurrent Preclean
[2020-11-06T14:04:56.835+0000][gc,marking   ] GC(1) Concurrent Preclean 0.025ms
[2020-11-06T14:04:56.835+0000][gc,marking   ] GC(1) Concurrent Mark (0.726s, 0.726s) 0.301ms
[2020-11-06T14:04:56.835+0000][gc,start     ] GC(1) Pause Remark
[2020-11-06T14:04:56.837+0000][gc,stringtable] GC(1) Cleaned string and symbol table, strings: 7375 processed, 0 removed, symbols: 63810 processed, 27 removed
[2020-11-06T14:04:56.837+0000][gc            ] GC(1) Pause Remark 6M->6M(1024M) 1.836ms
[2020-11-06T14:04:56.837+0000][gc,cpu        ] GC(1) User=0.01s Sys=0.00s Real=0.00s
[2020-11-06T14:04:56.837+0000][gc,marking    ] GC(1) Concurrent Rebuild Remembered Sets
[2020-11-06T14:04:56.837+0000][gc,marking    ] GC(1) Concurrent Rebuild Remembered Sets 0.069ms
[2020-11-06T14:04:56.837+0000][gc,start      ] GC(1) Pause Cleanup
[2020-11-06T14:04:56.837+0000][gc            ] GC(1) Pause Cleanup 6M->6M(1024M) 0.107ms
[2020-11-06T14:04:56.837+0000][gc,cpu        ] GC(1) User=0.00s Sys=0.00s Real=0.00s
[2020-11-06T14:04:56.837+0000][gc,marking    ] GC(1) Concurrent Cleanup for Next Mark
[2020-11-06T14:04:56.842+0000][gc,marking    ] GC(1) Concurrent Cleanup for Next Mark 4.691ms
[2020-11-06T14:04:56.842+0000][gc            ] GC(1) Concurrent Cycle 8.961ms
[2020-11-06T14:04:57.814+0000][gc,start      ] GC(2) Pause Young (Normal) (G1 Evacuation Pause)
[2020-11-06T14:04:57.814+0000][gc,task       ] GC(2) Using 8 workers of 8 for evacuation
[2020-11-06T14:04:57.823+0000][gc,phases     ] GC(2)   Pre Evacuate Collection Set: 0.0ms
[2020-11-06T14:04:57.823+0000][gc,phases     ] GC(2)   Evacuate Collection Set: 8.4ms
[2020-11-06T14:04:57.823+0000][gc,phases     ] GC(2)   Post Evacuate Collection Set: 0.6ms
[2020-11-06T14:04:57.823+0000][gc,phases     ] GC(2)   Other: 0.1ms
[2020-11-06T14:04:57.823+0000][gc,heap       ] GC(2) Eden regions: 44->0(49)
[2020-11-06T14:04:57.823+0000][gc,heap       ] GC(2) Survivor regions: 7->2(7)
[2020-11-06T14:04:57.823+0000][gc,heap       ] GC(2) Old regions: 0->7
[2020-11-06T14:04:57.823+0000][gc,heap       ] GC(2) Humongous regions: 0->0
[2020-11-06T14:04:57.823+0000][gc,metaspace  ] GC(2) Metaspace: 29276K->29276K(1075200K)
[2020-11-06T14:04:57.823+0000][gc            ] GC(2) Pause Young (Normal) (G1 Evacuation Pause) 50M->8M(1024M) 9.243ms
[2020-11-06T14:04:57.823+0000][gc,cpu        ] GC(2) User=0.05s Sys=0.00s Real=0.01s
[2020-11-06T14:04:58.176+0000][gc,start      ] GC(3) Pause Young (Concurrent Start) (Metadata GC Threshold)
[2020-11-06T14:04:58.176+0000][gc,task       ] GC(3) Using 8 workers of 8 for evacuation
[2020-11-06T14:04:58.179+0000][gc,phases     ] GC(3)   Pre Evacuate Collection Set: 0.1ms
[2020-11-06T14:04:58.179+0000][gc,phases     ] GC(3)   Evacuate Collection Set: 3.1ms
[2020-11-06T14:04:58.179+0000][gc,phases     ] GC(3)   Post Evacuate Collection Set: 0.3ms
[2020-11-06T14:04:58.179+0000][gc,phases     ] GC(3)   Other: 0.2ms
[2020-11-06T14:04:58.179+0000][gc,heap       ] GC(3) Eden regions: 30->0(47)
[2020-11-06T14:04:58.179+0000][gc,heap       ] GC(3) Survivor regions: 2->4(7)
[2020-11-06T14:04:58.179+0000][gc,heap       ] GC(3) Old regions: 7->7
[2020-11-06T14:04:58.179+0000][gc,heap       ] GC(3) Humongous regions: 129->129
[2020-11-06T14:04:58.179+0000][gc,metaspace  ] GC(3) Metaspace: 34753K->34753K(1081344K)
[2020-11-06T14:04:58.179+0000][gc            ] GC(3) Pause Young (Concurrent Start) (Metadata GC Threshold) 167M->139M(1024M) 3.677ms
[2020-11-06T14:04:58.179+0000][gc,cpu        ] GC(3) User=0.02s Sys=0.00s Real=0.00s
[2020-11-06T14:04:58.179+0000][gc            ] GC(4) Concurrent Cycle
[2020-11-06T14:04:58.179+0000][gc,marking    ] GC(4) Concurrent Clear Claimed Marks
[2020-11-06T14:04:58.179+0000][gc,marking    ] GC(4) Concurrent Clear Claimed Marks 0.039ms
[2020-11-06T14:04:58.179+0000][gc,marking    ] GC(4) Concurrent Scan Root Regions
[2020-11-06T14:04:58.181+0000][gc,marking    ] GC(4) Concurrent Scan Root Regions 1.850ms
[2020-11-06T14:04:58.181+0000][gc,marking    ] GC(4) Concurrent Mark (2.072s)
[2020-11-06T14:04:58.181+0000][gc,marking    ] GC(4) Concurrent Mark From Roots
[2020-11-06T14:04:58.181+0000][gc,task       ] GC(4) Using 2 workers of 2 for marking
[2020-11-06T14:04:58.186+0000][gc,marking    ] GC(4) Concurrent Mark From Roots 4.646ms
[2020-11-06T14:04:58.186+0000][gc,marking    ] GC(4) Concurrent Preclean
[2020-11-06T14:04:58.186+0000][gc,marking    ] GC(4) Concurrent Preclean 0.051ms
[2020-11-06T14:04:58.186+0000][gc,marking    ] GC(4) Concurrent Mark (2.072s, 2.077s) 4.748ms
[2020-11-06T14:04:58.186+0000][gc,start      ] GC(4) Pause Remark
[2020-11-06T14:04:58.189+0000][gc,stringtable] GC(4) Cleaned string and symbol table, strings: 11503 processed, 6 removed, symbols: 95274 processed, 18 removed
[2020-11-06T14:04:58.189+0000][gc            ] GC(4) Pause Remark 139M->139M(1024M) 2.500ms
[2020-11-06T14:04:58.189+0000][gc,cpu        ] GC(4) User=0.01s Sys=0.00s Real=0.00s
[2020-11-06T14:04:58.189+0000][gc,marking    ] GC(4) Concurrent Rebuild Remembered Sets
[2020-11-06T14:04:58.192+0000][gc,marking    ] GC(4) Concurrent Rebuild Remembered Sets 3.186ms
[2020-11-06T14:04:58.192+0000][gc,start      ] GC(4) Pause Cleanup
[2020-11-06T14:04:58.192+0000][gc            ] GC(4) Pause Cleanup 139M->139M(1024M) 0.095ms
[2020-11-06T14:04:58.192+0000][gc,cpu        ] GC(4) User=0.00s Sys=0.00s Real=0.00s
[2020-11-06T14:04:58.192+0000][gc,marking    ] GC(4) Concurrent Cleanup for Next Mark
[2020-11-06T14:04:58.197+0000][gc,marking    ] GC(4) Concurrent Cleanup for Next Mark 4.951ms
[2020-11-06T14:04:58.197+0000][gc            ] GC(4) Concurrent Cycle 18.036ms
[2020-11-06T14:05:08.771+0000][gc,start      ] GC(5) Pause Young (Normal) (G1 Evacuation Pause)
[2020-11-06T14:05:08.771+0000][gc,task       ] GC(5) Using 8 workers of 8 for evacuation
[2020-11-06T14:05:08.776+0000][gc,phases     ] GC(5)   Pre Evacuate Collection Set: 0.0ms
[2020-11-06T14:05:08.776+0000][gc,phases     ] GC(5)   Evacuate Collection Set: 4.4ms
[2020-11-06T14:05:08.776+0000][gc,phases     ] GC(5)   Post Evacuate Collection Set: 0.4ms
[2020-11-06T14:05:08.776+0000][gc,phases     ] GC(5)   Other: 0.2ms
[2020-11-06T14:05:08.776+0000][gc,heap       ] GC(5) Eden regions: 47->0(45)
[2020-11-06T14:05:08.776+0000][gc,heap       ] GC(5) Survivor regions: 4->6(7)
[2020-11-06T14:05:08.776+0000][gc,heap       ] GC(5) Old regions: 7->8
[2020-11-06T14:05:08.776+0000][gc,heap       ] GC(5) Humongous regions: 171->129
[2020-11-06T14:05:08.776+0000][gc,metaspace  ] GC(5) Metaspace: 43578K->43578K(1089536K)
[2020-11-06T14:05:08.776+0000][gc            ] GC(5) Pause Young (Normal) (G1 Evacuation Pause) 228M->142M(1024M) 5.030ms
[2020-11-06T14:05:08.776+0000][gc,cpu        ] GC(5) User=0.03s Sys=0.00s Real=0.00s
[2020-11-06T14:07:03.829+0000][gc,heap,exit  ] Heap
[2020-11-06T14:07:03.829+0000][gc,heap,exit  ]  garbage-first heap   total 1048576K, used 164665K [0x00000007c0000000, 0x0000000800000000)
[2020-11-06T14:07:03.829+0000][gc,heap,exit  ]   region size 1024K, 25 young (25600K), 6 survivors (6144K)
[2020-11-06T14:07:03.829+0000][gc,heap,exit  ]  Metaspace       used 45626K, capacity 47570K, committed 47792K, reserved 1091584K
[2020-11-06T14:07:03.829+0000][gc,heap,exit  ]   class space    used 5377K, capacity 6303K, committed 6400K, reserved 1048576K
