[2020-11-06T15:36:28.159+0000][gc,heap] Heap region size: 1M
[2020-11-06T15:36:28.171+0000][gc     ] Using G1
[2020-11-06T15:36:28.171+0000][gc,heap,coops] Heap address: 0x00000007c0000000, size: 1024 MB, Compressed Oops mode: Zero based, Oop shift amount: 3
[2020-11-06T15:36:29.499+0000][gc,start     ] GC(0) Pause Young (Concurrent Start) (Metadata GC Threshold)
[2020-11-06T15:36:29.502+0000][gc,task      ] GC(0) Using 8 workers of 8 for evacuation
[2020-11-06T15:36:29.515+0000][gc,phases    ] GC(0)   Pre Evacuate Collection Set: 0.0ms
[2020-11-06T15:36:29.515+0000][gc,phases    ] GC(0)   Evacuate Collection Set: 11.7ms
[2020-11-06T15:36:29.515+0000][gc,phases    ] GC(0)   Post Evacuate Collection Set: 0.7ms
[2020-11-06T15:36:29.515+0000][gc,phases    ] GC(0)   Other: 3.0ms
[2020-11-06T15:36:29.515+0000][gc,heap      ] GC(0) Eden regions: 41->0(44)
[2020-11-06T15:36:29.515+0000][gc,heap      ] GC(0) Survivor regions: 0->7(7)
[2020-11-06T15:36:29.515+0000][gc,heap      ] GC(0) Old regions: 0->0
[2020-11-06T15:36:29.515+0000][gc,heap      ] GC(0) Humongous regions: 0->0
[2020-11-06T15:36:29.515+0000][gc,metaspace ] GC(0) Metaspace: 20669K->20669K(1069056K)
[2020-11-06T15:36:29.515+0000][gc           ] GC(0) Pause Young (Concurrent Start) (Metadata GC Threshold) 41M->6M(1024M) 15.590ms
[2020-11-06T15:36:29.515+0000][gc,cpu       ] GC(0) User=0.03s Sys=0.01s Real=0.02s
[2020-11-06T15:36:29.515+0000][gc           ] GC(1) Concurrent Cycle
[2020-11-06T15:36:29.515+0000][gc,marking   ] GC(1) Concurrent Clear Claimed Marks
[2020-11-06T15:36:29.515+0000][gc,marking   ] GC(1) Concurrent Clear Claimed Marks 0.046ms
[2020-11-06T15:36:29.515+0000][gc,marking   ] GC(1) Concurrent Scan Root Regions
[2020-11-06T15:36:29.517+0000][gc,marking   ] GC(1) Concurrent Scan Root Regions 2.498ms
[2020-11-06T15:36:29.518+0000][gc,marking   ] GC(1) Concurrent Mark (1.376s)
[2020-11-06T15:36:29.518+0000][gc,marking   ] GC(1) Concurrent Mark From Roots
[2020-11-06T15:36:29.518+0000][gc,task      ] GC(1) Using 2 workers of 2 for marking
[2020-11-06T15:36:29.518+0000][gc,marking   ] GC(1) Concurrent Mark From Roots 0.374ms
[2020-11-06T15:36:29.518+0000][gc,marking   ] GC(1) Concurrent Preclean
[2020-11-06T15:36:29.518+0000][gc,marking   ] GC(1) Concurrent Preclean 0.047ms
[2020-11-06T15:36:29.518+0000][gc,marking   ] GC(1) Concurrent Mark (1.376s, 1.377s) 0.507ms
[2020-11-06T15:36:29.518+0000][gc,start     ] GC(1) Pause Remark
[2020-11-06T15:36:29.522+0000][gc,stringtable] GC(1) Cleaned string and symbol table, strings: 7387 processed, 0 removed, symbols: 63768 processed, 27 removed
[2020-11-06T15:36:29.522+0000][gc            ] GC(1) Pause Remark 6M->6M(1024M) 3.686ms
[2020-11-06T15:36:29.522+0000][gc,cpu        ] GC(1) User=0.02s Sys=0.00s Real=0.01s
[2020-11-06T15:36:29.522+0000][gc,marking    ] GC(1) Concurrent Rebuild Remembered Sets
[2020-11-06T15:36:29.522+0000][gc,marking    ] GC(1) Concurrent Rebuild Remembered Sets 0.152ms
[2020-11-06T15:36:29.522+0000][gc,start      ] GC(1) Pause Cleanup
[2020-11-06T15:36:29.523+0000][gc            ] GC(1) Pause Cleanup 6M->6M(1024M) 0.186ms
[2020-11-06T15:36:29.523+0000][gc,cpu        ] GC(1) User=0.00s Sys=0.00s Real=0.00s
[2020-11-06T15:36:29.523+0000][gc,marking    ] GC(1) Concurrent Cleanup for Next Mark
[2020-11-06T15:36:29.530+0000][gc,marking    ] GC(1) Concurrent Cleanup for Next Mark 7.240ms
[2020-11-06T15:36:29.530+0000][gc            ] GC(1) Concurrent Cycle 15.144ms
[2020-11-06T15:36:31.406+0000][gc,start      ] GC(2) Pause Young (Normal) (G1 Evacuation Pause)
[2020-11-06T15:36:31.406+0000][gc,task       ] GC(2) Using 8 workers of 8 for evacuation
[2020-11-06T15:36:31.417+0000][gc,phases     ] GC(2)   Pre Evacuate Collection Set: 0.2ms
[2020-11-06T15:36:31.417+0000][gc,phases     ] GC(2)   Evacuate Collection Set: 9.4ms
[2020-11-06T15:36:31.417+0000][gc,phases     ] GC(2)   Post Evacuate Collection Set: 0.9ms
[2020-11-06T15:36:31.417+0000][gc,phases     ] GC(2)   Other: 0.7ms
[2020-11-06T15:36:31.418+0000][gc,heap       ] GC(2) Eden regions: 44->0(49)
[2020-11-06T15:36:31.418+0000][gc,heap       ] GC(2) Survivor regions: 7->2(7)
[2020-11-06T15:36:31.418+0000][gc,heap       ] GC(2) Old regions: 0->7
[2020-11-06T15:36:31.418+0000][gc,heap       ] GC(2) Humongous regions: 0->0
[2020-11-06T15:36:31.418+0000][gc,metaspace  ] GC(2) Metaspace: 29291K->29291K(1075200K)
[2020-11-06T15:36:31.418+0000][gc            ] GC(2) Pause Young (Normal) (G1 Evacuation Pause) 50M->8M(1024M) 11.657ms
[2020-11-06T15:36:31.418+0000][gc,cpu        ] GC(2) User=0.04s Sys=0.01s Real=0.01s
[2020-11-06T15:36:32.061+0000][gc,start      ] GC(3) Pause Young (Concurrent Start) (Metadata GC Threshold)
[2020-11-06T15:36:32.061+0000][gc,task       ] GC(3) Using 8 workers of 8 for evacuation
[2020-11-06T15:36:32.067+0000][gc,phases     ] GC(3)   Pre Evacuate Collection Set: 0.1ms
[2020-11-06T15:36:32.067+0000][gc,phases     ] GC(3)   Evacuate Collection Set: 5.6ms
[2020-11-06T15:36:32.067+0000][gc,phases     ] GC(3)   Post Evacuate Collection Set: 0.4ms
[2020-11-06T15:36:32.067+0000][gc,phases     ] GC(3)   Other: 0.3ms
[2020-11-06T15:36:32.067+0000][gc,heap       ] GC(3) Eden regions: 27->0(47)
[2020-11-06T15:36:32.067+0000][gc,heap       ] GC(3) Survivor regions: 2->4(7)
[2020-11-06T15:36:32.067+0000][gc,heap       ] GC(3) Old regions: 7->7
[2020-11-06T15:36:32.067+0000][gc,heap       ] GC(3) Humongous regions: 129->129
[2020-11-06T15:36:32.067+0000][gc,metaspace  ] GC(3) Metaspace: 34646K->34646K(1081344K)
[2020-11-06T15:36:32.067+0000][gc            ] GC(3) Pause Young (Concurrent Start) (Metadata GC Threshold) 163M->138M(1024M) 6.576ms
[2020-11-06T15:36:32.067+0000][gc,cpu        ] GC(3) User=0.02s Sys=0.00s Real=0.00s
[2020-11-06T15:36:32.067+0000][gc            ] GC(4) Concurrent Cycle
[2020-11-06T15:36:32.067+0000][gc,marking    ] GC(4) Concurrent Clear Claimed Marks
[2020-11-06T15:36:32.068+0000][gc,marking    ] GC(4) Concurrent Clear Claimed Marks 0.121ms
[2020-11-06T15:36:32.068+0000][gc,marking    ] GC(4) Concurrent Scan Root Regions
[2020-11-06T15:36:32.071+0000][gc,marking    ] GC(4) Concurrent Scan Root Regions 3.079ms
[2020-11-06T15:36:32.071+0000][gc,marking    ] GC(4) Concurrent Mark (3.929s)
[2020-11-06T15:36:32.071+0000][gc,marking    ] GC(4) Concurrent Mark From Roots
[2020-11-06T15:36:32.071+0000][gc,task       ] GC(4) Using 2 workers of 2 for marking
[2020-11-06T15:36:32.077+0000][gc,marking    ] GC(4) Concurrent Mark From Roots 6.652ms
[2020-11-06T15:36:32.077+0000][gc,marking    ] GC(4) Concurrent Preclean
[2020-11-06T15:36:32.078+0000][gc,marking    ] GC(4) Concurrent Preclean 0.085ms
[2020-11-06T15:36:32.078+0000][gc,marking    ] GC(4) Concurrent Mark (3.929s, 3.936s) 6.821ms
[2020-11-06T15:36:32.078+0000][gc,start      ] GC(4) Pause Remark
[2020-11-06T15:36:32.082+0000][gc,stringtable] GC(4) Cleaned string and symbol table, strings: 11096 processed, 7 removed, symbols: 95071 processed, 17 removed
[2020-11-06T15:36:32.082+0000][gc            ] GC(4) Pause Remark 139M->139M(1024M) 3.987ms
[2020-11-06T15:36:32.082+0000][gc,cpu        ] GC(4) User=0.02s Sys=0.00s Real=0.01s
[2020-11-06T15:36:32.082+0000][gc,marking    ] GC(4) Concurrent Rebuild Remembered Sets
[2020-11-06T15:36:32.086+0000][gc,marking    ] GC(4) Concurrent Rebuild Remembered Sets 4.053ms
[2020-11-06T15:36:32.087+0000][gc,start      ] GC(4) Pause Cleanup
[2020-11-06T15:36:32.087+0000][gc            ] GC(4) Pause Cleanup 139M->139M(1024M) 0.152ms
[2020-11-06T15:36:32.087+0000][gc,cpu        ] GC(4) User=0.00s Sys=0.00s Real=0.00s
[2020-11-06T15:36:32.087+0000][gc,marking    ] GC(4) Concurrent Cleanup for Next Mark
[2020-11-06T15:36:32.097+0000][gc,marking    ] GC(4) Concurrent Cleanup for Next Mark 9.907ms
[2020-11-06T15:36:32.097+0000][gc            ] GC(4) Concurrent Cycle 29.334ms
[2020-11-06T15:36:33.358+0000][gc,start      ] GC(5) Pause Young (Normal) (G1 Evacuation Pause)
[2020-11-06T15:36:33.358+0000][gc,task       ] GC(5) Using 8 workers of 8 for evacuation
[2020-11-06T15:36:33.367+0000][gc,phases     ] GC(5)   Pre Evacuate Collection Set: 0.0ms
[2020-11-06T15:36:33.367+0000][gc,phases     ] GC(5)   Evacuate Collection Set: 7.0ms
[2020-11-06T15:36:33.367+0000][gc,phases     ] GC(5)   Post Evacuate Collection Set: 1.1ms
[2020-11-06T15:36:33.367+0000][gc,phases     ] GC(5)   Other: 0.2ms
[2020-11-06T15:36:33.367+0000][gc,heap       ] GC(5) Eden regions: 47->0(44)
[2020-11-06T15:36:33.367+0000][gc,heap       ] GC(5) Survivor regions: 4->7(7)
[2020-11-06T15:36:33.367+0000][gc,heap       ] GC(5) Old regions: 7->7
[2020-11-06T15:36:33.367+0000][gc,heap       ] GC(5) Humongous regions: 135->135
[2020-11-06T15:36:33.367+0000][gc,metaspace  ] GC(5) Metaspace: 42969K->42969K(1089536K)
[2020-11-06T15:36:33.367+0000][gc            ] GC(5) Pause Young (Normal) (G1 Evacuation Pause) 191M->148M(1024M) 8.669ms
[2020-11-06T15:36:33.367+0000][gc,cpu        ] GC(5) User=0.04s Sys=0.00s Real=0.01s
[2020-11-06T15:42:41.508+0000][gc,start      ] GC(6) Pause Young (Normal) (G1 Evacuation Pause)
[2020-11-06T15:42:41.508+0000][gc,task       ] GC(6) Using 8 workers of 8 for evacuation
[2020-11-06T15:42:41.516+0000][gc,phases     ] GC(6)   Pre Evacuate Collection Set: 0.0ms
[2020-11-06T15:42:41.516+0000][gc,phases     ] GC(6)   Evacuate Collection Set: 6.3ms
[2020-11-06T15:42:41.516+0000][gc,phases     ] GC(6)   Post Evacuate Collection Set: 0.8ms
[2020-11-06T15:42:41.516+0000][gc,phases     ] GC(6)   Other: 0.2ms
[2020-11-06T15:42:41.516+0000][gc,heap       ] GC(6) Eden regions: 44->0(48)
[2020-11-06T15:42:41.516+0000][gc,heap       ] GC(6) Survivor regions: 7->3(7)
[2020-11-06T15:42:41.516+0000][gc,heap       ] GC(6) Old regions: 7->13
[2020-11-06T15:42:41.516+0000][gc,heap       ] GC(6) Humongous regions: 189->129
[2020-11-06T15:42:41.516+0000][gc,metaspace  ] GC(6) Metaspace: 47718K->47718K(1093632K)
[2020-11-06T15:42:41.516+0000][gc            ] GC(6) Pause Young (Normal) (G1 Evacuation Pause) 246M->144M(1024M) 7.583ms
[2020-11-06T15:42:41.516+0000][gc,cpu        ] GC(6) User=0.03s Sys=0.00s Real=0.01s
[2020-11-06T15:43:14.507+0000][gc,heap,exit  ] Heap
[2020-11-06T15:43:14.507+0000][gc,heap,exit  ]  garbage-first heap   total 1048576K, used 159502K [0x00000007c0000000, 0x0000000800000000)
[2020-11-06T15:43:14.507+0000][gc,heap,exit  ]   region size 1024K, 15 young (15360K), 3 survivors (3072K)
[2020-11-06T15:43:14.507+0000][gc,heap,exit  ]  Metaspace       used 48382K, capacity 50751K, committed 50992K, reserved 1093632K
[2020-11-06T15:43:14.507+0000][gc,heap,exit  ]   class space    used 5817K, capacity 6952K, committed 7040K, reserved 1048576K
