[2020-11-06T15:51:29.581+0000][gc,heap] Heap region size: 1M
[2020-11-06T15:51:29.592+0000][gc     ] Using G1
[2020-11-06T15:51:29.592+0000][gc,heap,coops] Heap address: 0x00000007c0000000, size: 1024 MB, Compressed Oops mode: Zero based, Oop shift amount: 3
[2020-11-06T15:51:30.875+0000][gc,start     ] GC(0) Pause Young (Concurrent Start) (Metadata GC Threshold)
[2020-11-06T15:51:30.875+0000][gc,task      ] GC(0) Using 8 workers of 8 for evacuation
[2020-11-06T15:51:30.889+0000][gc,phases    ] GC(0)   Pre Evacuate Collection Set: 0.0ms
[2020-11-06T15:51:30.889+0000][gc,phases    ] GC(0)   Evacuate Collection Set: 12.1ms
[2020-11-06T15:51:30.889+0000][gc,phases    ] GC(0)   Post Evacuate Collection Set: 0.8ms
[2020-11-06T15:51:30.889+0000][gc,phases    ] GC(0)   Other: 0.8ms
[2020-11-06T15:51:30.889+0000][gc,heap      ] GC(0) Eden regions: 41->0(44)
[2020-11-06T15:51:30.889+0000][gc,heap      ] GC(0) Survivor regions: 0->7(7)
[2020-11-06T15:51:30.889+0000][gc,heap      ] GC(0) Old regions: 0->0
[2020-11-06T15:51:30.889+0000][gc,heap      ] GC(0) Humongous regions: 0->0
[2020-11-06T15:51:30.889+0000][gc,metaspace ] GC(0) Metaspace: 20669K->20669K(1069056K)
[2020-11-06T15:51:30.889+0000][gc           ] GC(0) Pause Young (Concurrent Start) (Metadata GC Threshold) 41M->6M(1024M) 13.869ms
[2020-11-06T15:51:30.889+0000][gc,cpu       ] GC(0) User=0.03s Sys=0.01s Real=0.01s
[2020-11-06T15:51:30.889+0000][gc           ] GC(1) Concurrent Cycle
[2020-11-06T15:51:30.889+0000][gc,marking   ] GC(1) Concurrent Clear Claimed Marks
[2020-11-06T15:51:30.889+0000][gc,marking   ] GC(1) Concurrent Clear Claimed Marks 0.039ms
[2020-11-06T15:51:30.889+0000][gc,marking   ] GC(1) Concurrent Scan Root Regions
[2020-11-06T15:51:30.891+0000][gc,marking   ] GC(1) Concurrent Scan Root Regions 2.279ms
[2020-11-06T15:51:30.891+0000][gc,marking   ] GC(1) Concurrent Mark (1.324s)
[2020-11-06T15:51:30.891+0000][gc,marking   ] GC(1) Concurrent Mark From Roots
[2020-11-06T15:51:30.891+0000][gc,task      ] GC(1) Using 2 workers of 2 for marking
[2020-11-06T15:51:30.891+0000][gc,marking   ] GC(1) Concurrent Mark From Roots 0.172ms
[2020-11-06T15:51:30.891+0000][gc,marking   ] GC(1) Concurrent Preclean
[2020-11-06T15:51:30.891+0000][gc,marking   ] GC(1) Concurrent Preclean 0.026ms
[2020-11-06T15:51:30.891+0000][gc,marking   ] GC(1) Concurrent Mark (1.324s, 1.325s) 0.235ms
[2020-11-06T15:51:30.892+0000][gc,start     ] GC(1) Pause Remark
[2020-11-06T15:51:30.894+0000][gc,stringtable] GC(1) Cleaned string and symbol table, strings: 7377 processed, 0 removed, symbols: 63840 processed, 28 removed
[2020-11-06T15:51:30.894+0000][gc            ] GC(1) Pause Remark 6M->6M(1024M) 2.510ms
[2020-11-06T15:51:30.894+0000][gc,cpu        ] GC(1) User=0.01s Sys=0.00s Real=0.00s
[2020-11-06T15:51:30.894+0000][gc,marking    ] GC(1) Concurrent Rebuild Remembered Sets
[2020-11-06T15:51:30.894+0000][gc,marking    ] GC(1) Concurrent Rebuild Remembered Sets 0.075ms
[2020-11-06T15:51:30.894+0000][gc,start      ] GC(1) Pause Cleanup
[2020-11-06T15:51:30.895+0000][gc            ] GC(1) Pause Cleanup 6M->6M(1024M) 0.179ms
[2020-11-06T15:51:30.895+0000][gc,cpu        ] GC(1) User=0.00s Sys=0.00s Real=0.00s
[2020-11-06T15:51:30.895+0000][gc,marking    ] GC(1) Concurrent Cleanup for Next Mark
[2020-11-06T15:51:30.904+0000][gc,marking    ] GC(1) Concurrent Cleanup for Next Mark 9.203ms
[2020-11-06T15:51:30.904+0000][gc            ] GC(1) Concurrent Cycle 15.169ms
[2020-11-06T15:51:32.744+0000][gc,start      ] GC(2) Pause Young (Normal) (G1 Evacuation Pause)
[2020-11-06T15:51:32.744+0000][gc,task       ] GC(2) Using 8 workers of 8 for evacuation
[2020-11-06T15:51:32.754+0000][gc,phases     ] GC(2)   Pre Evacuate Collection Set: 0.1ms
[2020-11-06T15:51:32.754+0000][gc,phases     ] GC(2)   Evacuate Collection Set: 9.8ms
[2020-11-06T15:51:32.754+0000][gc,phases     ] GC(2)   Post Evacuate Collection Set: 0.6ms
[2020-11-06T15:51:32.754+0000][gc,phases     ] GC(2)   Other: 0.2ms
[2020-11-06T15:51:32.754+0000][gc,heap       ] GC(2) Eden regions: 44->0(49)
[2020-11-06T15:51:32.754+0000][gc,heap       ] GC(2) Survivor regions: 7->2(7)
[2020-11-06T15:51:32.754+0000][gc,heap       ] GC(2) Old regions: 0->7
[2020-11-06T15:51:32.754+0000][gc,heap       ] GC(2) Humongous regions: 0->0
[2020-11-06T15:51:32.754+0000][gc,metaspace  ] GC(2) Metaspace: 29305K->29305K(1075200K)
[2020-11-06T15:51:32.754+0000][gc            ] GC(2) Pause Young (Normal) (G1 Evacuation Pause) 50M->8M(1024M) 10.778ms
[2020-11-06T15:51:32.754+0000][gc,cpu        ] GC(2) User=0.03s Sys=0.02s Real=0.01s
[2020-11-06T15:51:33.338+0000][gc,start      ] GC(3) Pause Young (Concurrent Start) (Metadata GC Threshold)
[2020-11-06T15:51:33.338+0000][gc,task       ] GC(3) Using 8 workers of 8 for evacuation
[2020-11-06T15:51:33.342+0000][gc,phases     ] GC(3)   Pre Evacuate Collection Set: 0.1ms
[2020-11-06T15:51:33.343+0000][gc,phases     ] GC(3)   Evacuate Collection Set: 4.0ms
[2020-11-06T15:51:33.343+0000][gc,phases     ] GC(3)   Post Evacuate Collection Set: 0.2ms
[2020-11-06T15:51:33.343+0000][gc,phases     ] GC(3)   Other: 0.4ms
[2020-11-06T15:51:33.343+0000][gc,heap       ] GC(3) Eden regions: 28->0(47)
[2020-11-06T15:51:33.343+0000][gc,heap       ] GC(3) Survivor regions: 2->4(7)
[2020-11-06T15:51:33.343+0000][gc,heap       ] GC(3) Old regions: 7->7
[2020-11-06T15:51:33.343+0000][gc,heap       ] GC(3) Humongous regions: 129->129
[2020-11-06T15:51:33.343+0000][gc,metaspace  ] GC(3) Metaspace: 34683K->34683K(1081344K)
[2020-11-06T15:51:33.343+0000][gc            ] GC(3) Pause Young (Concurrent Start) (Metadata GC Threshold) 164M->138M(1024M) 4.857ms
[2020-11-06T15:51:33.343+0000][gc,cpu        ] GC(3) User=0.03s Sys=0.00s Real=0.01s
[2020-11-06T15:51:33.343+0000][gc            ] GC(4) Concurrent Cycle
[2020-11-06T15:51:33.343+0000][gc,marking    ] GC(4) Concurrent Clear Claimed Marks
[2020-11-06T15:51:33.343+0000][gc,marking    ] GC(4) Concurrent Clear Claimed Marks 0.026ms
[2020-11-06T15:51:33.343+0000][gc,marking    ] GC(4) Concurrent Scan Root Regions
[2020-11-06T15:51:33.345+0000][gc,marking    ] GC(4) Concurrent Scan Root Regions 2.047ms
[2020-11-06T15:51:33.345+0000][gc,marking    ] GC(4) Concurrent Mark (3.778s)
[2020-11-06T15:51:33.345+0000][gc,marking    ] GC(4) Concurrent Mark From Roots
[2020-11-06T15:51:33.345+0000][gc,task       ] GC(4) Using 2 workers of 2 for marking
[2020-11-06T15:51:33.354+0000][gc,marking    ] GC(4) Concurrent Mark From Roots 9.243ms
[2020-11-06T15:51:33.354+0000][gc,marking    ] GC(4) Concurrent Preclean
[2020-11-06T15:51:33.354+0000][gc,marking    ] GC(4) Concurrent Preclean 0.171ms
[2020-11-06T15:51:33.354+0000][gc,marking    ] GC(4) Concurrent Mark (3.778s, 3.788s) 9.613ms
[2020-11-06T15:51:33.355+0000][gc,start      ] GC(4) Pause Remark
[2020-11-06T15:51:33.358+0000][gc,stringtable] GC(4) Cleaned string and symbol table, strings: 11262 processed, 7 removed, symbols: 95070 processed, 17 removed
[2020-11-06T15:51:33.358+0000][gc            ] GC(4) Pause Remark 139M->139M(1024M) 3.220ms
[2020-11-06T15:51:33.358+0000][gc,cpu        ] GC(4) User=0.01s Sys=0.00s Real=0.00s
[2020-11-06T15:51:33.358+0000][gc,marking    ] GC(4) Concurrent Rebuild Remembered Sets
[2020-11-06T15:51:33.362+0000][gc,marking    ] GC(4) Concurrent Rebuild Remembered Sets 4.348ms
[2020-11-06T15:51:33.363+0000][gc,start      ] GC(4) Pause Cleanup
[2020-11-06T15:51:33.363+0000][gc            ] GC(4) Pause Cleanup 139M->139M(1024M) 0.230ms
[2020-11-06T15:51:33.363+0000][gc,cpu        ] GC(4) User=0.00s Sys=0.00s Real=0.00s
[2020-11-06T15:51:33.363+0000][gc,marking    ] GC(4) Concurrent Cleanup for Next Mark
[2020-11-06T15:51:33.374+0000][gc,marking    ] GC(4) Concurrent Cleanup for Next Mark 11.545ms
[2020-11-06T15:51:33.375+0000][gc            ] GC(4) Concurrent Cycle 31.896ms
[2020-11-06T15:51:34.483+0000][gc,start      ] GC(5) Pause Young (Normal) (G1 Evacuation Pause)
[2020-11-06T15:51:34.483+0000][gc,task       ] GC(5) Using 8 workers of 8 for evacuation
[2020-11-06T15:51:34.491+0000][gc,phases     ] GC(5)   Pre Evacuate Collection Set: 0.0ms
[2020-11-06T15:51:34.491+0000][gc,phases     ] GC(5)   Evacuate Collection Set: 6.6ms
[2020-11-06T15:51:34.491+0000][gc,phases     ] GC(5)   Post Evacuate Collection Set: 0.6ms
[2020-11-06T15:51:34.491+0000][gc,phases     ] GC(5)   Other: 0.3ms
[2020-11-06T15:51:34.491+0000][gc,heap       ] GC(5) Eden regions: 47->0(44)
[2020-11-06T15:51:34.491+0000][gc,heap       ] GC(5) Survivor regions: 4->7(7)
[2020-11-06T15:51:34.491+0000][gc,heap       ] GC(5) Old regions: 7->7
[2020-11-06T15:51:34.491+0000][gc,heap       ] GC(5) Humongous regions: 141->135
[2020-11-06T15:51:34.491+0000][gc,metaspace  ] GC(5) Metaspace: 43276K->43276K(1089536K)
[2020-11-06T15:51:34.491+0000][gc            ] GC(5) Pause Young (Normal) (G1 Evacuation Pause) 197M->148M(1024M) 7.656ms
[2020-11-06T15:51:34.491+0000][gc,cpu        ] GC(5) User=0.03s Sys=0.01s Real=0.01s
[2020-11-06T15:57:42.729+0000][gc,start      ] GC(6) Pause Young (Normal) (G1 Evacuation Pause)
[2020-11-06T15:57:42.729+0000][gc,task       ] GC(6) Using 8 workers of 8 for evacuation
[2020-11-06T15:57:42.737+0000][gc,phases     ] GC(6)   Pre Evacuate Collection Set: 0.0ms
[2020-11-06T15:57:42.737+0000][gc,phases     ] GC(6)   Evacuate Collection Set: 6.1ms
[2020-11-06T15:57:42.737+0000][gc,phases     ] GC(6)   Post Evacuate Collection Set: 1.0ms
[2020-11-06T15:57:42.737+0000][gc,phases     ] GC(6)   Other: 0.2ms
[2020-11-06T15:57:42.737+0000][gc,heap       ] GC(6) Eden regions: 44->0(47)
[2020-11-06T15:57:42.737+0000][gc,heap       ] GC(6) Survivor regions: 7->4(7)
[2020-11-06T15:57:42.737+0000][gc,heap       ] GC(6) Old regions: 7->13
[2020-11-06T15:57:42.737+0000][gc,heap       ] GC(6) Humongous regions: 189->129
[2020-11-06T15:57:42.737+0000][gc,metaspace  ] GC(6) Metaspace: 47348K->47348K(1091584K)
[2020-11-06T15:57:42.737+0000][gc            ] GC(6) Pause Young (Normal) (G1 Evacuation Pause) 246M->144M(1024M) 7.372ms
[2020-11-06T15:57:42.737+0000][gc,cpu        ] GC(6) User=0.04s Sys=0.01s Real=0.01s
[2020-11-06T16:15:58.224+0000][gc,start      ] GC(7) Pause Young (Normal) (G1 Evacuation Pause)
[2020-11-06T16:15:58.224+0000][gc,task       ] GC(7) Using 8 workers of 8 for evacuation
[2020-11-06T16:15:58.240+0000][gc,phases     ] GC(7)   Pre Evacuate Collection Set: 0.8ms
[2020-11-06T16:15:58.240+0000][gc,phases     ] GC(7)   Evacuate Collection Set: 12.7ms
[2020-11-06T16:15:58.240+0000][gc,phases     ] GC(7)   Post Evacuate Collection Set: 1.2ms
[2020-11-06T16:15:58.240+0000][gc,phases     ] GC(7)   Other: 1.0ms
[2020-11-06T16:15:58.240+0000][gc,heap       ] GC(7) Eden regions: 47->0(48)
[2020-11-06T16:15:58.240+0000][gc,heap       ] GC(7) Survivor regions: 4->3(7)
[2020-11-06T16:15:58.240+0000][gc,heap       ] GC(7) Old regions: 13->13
[2020-11-06T16:15:58.240+0000][gc,heap       ] GC(7) Humongous regions: 129->129
[2020-11-06T16:15:58.240+0000][gc,metaspace  ] GC(7) Metaspace: 48274K->48274K(1093632K)
[2020-11-06T16:15:58.240+0000][gc            ] GC(7) Pause Young (Normal) (G1 Evacuation Pause) 191M->144M(1024M) 15.905ms
[2020-11-06T16:15:58.240+0000][gc,cpu        ] GC(7) User=0.03s Sys=0.05s Real=0.02s
[2020-11-06T16:42:02.829+0000][gc,start      ] GC(8) Pause Young (Normal) (G1 Evacuation Pause)
[2020-11-06T16:42:02.830+0000][gc,task       ] GC(8) Using 8 workers of 8 for evacuation
[2020-11-06T16:42:02.844+0000][gc,phases     ] GC(8)   Pre Evacuate Collection Set: 1.1ms
[2020-11-06T16:42:02.844+0000][gc,phases     ] GC(8)   Evacuate Collection Set: 11.6ms
[2020-11-06T16:42:02.844+0000][gc,phases     ] GC(8)   Post Evacuate Collection Set: 1.1ms
[2020-11-06T16:42:02.844+0000][gc,phases     ] GC(8)   Other: 1.1ms
[2020-11-06T16:42:02.844+0000][gc,heap       ] GC(8) Eden regions: 48->0(48)
[2020-11-06T16:42:02.844+0000][gc,heap       ] GC(8) Survivor regions: 3->3(7)
[2020-11-06T16:42:02.844+0000][gc,heap       ] GC(8) Old regions: 13->13
[2020-11-06T16:42:02.844+0000][gc,heap       ] GC(8) Humongous regions: 129->129
[2020-11-06T16:42:02.844+0000][gc,metaspace  ] GC(8) Metaspace: 48400K->48400K(1093632K)
[2020-11-06T16:42:02.844+0000][gc            ] GC(8) Pause Young (Normal) (G1 Evacuation Pause) 192M->144M(1024M) 14.910ms
[2020-11-06T16:42:02.844+0000][gc,cpu        ] GC(8) User=0.03s Sys=0.04s Real=0.02s
[2020-11-06T23:38:43.036+0000][gc,start      ] GC(9) Pause Young (Normal) (G1 Evacuation Pause)
[2020-11-06T23:38:43.036+0000][gc,task       ] GC(9) Using 8 workers of 8 for evacuation
[2020-11-06T23:38:43.064+0000][gc,mmu        ] GC(9) MMU target violated: 21.0ms (20.0ms/21.0ms)
[2020-11-06T23:38:43.064+0000][gc,phases     ] GC(9)   Pre Evacuate Collection Set: 0.1ms
[2020-11-06T23:38:43.064+0000][gc,phases     ] GC(9)   Evacuate Collection Set: 21.3ms
[2020-11-06T23:38:43.064+0000][gc,phases     ] GC(9)   Post Evacuate Collection Set: 5.5ms
[2020-11-06T23:38:43.065+0000][gc,phases     ] GC(9)   Other: 1.9ms
[2020-11-06T23:38:43.065+0000][gc,heap       ] GC(9) Eden regions: 48->0(48)
[2020-11-06T23:38:43.065+0000][gc,heap       ] GC(9) Survivor regions: 3->3(7)
[2020-11-06T23:38:43.065+0000][gc,heap       ] GC(9) Old regions: 13->13
[2020-11-06T23:38:43.065+0000][gc,heap       ] GC(9) Humongous regions: 129->129
[2020-11-06T23:38:43.065+0000][gc,metaspace  ] GC(9) Metaspace: 48466K->48466K(1093632K)
[2020-11-06T23:38:43.065+0000][gc            ] GC(9) Pause Young (Normal) (G1 Evacuation Pause) 192M->144M(1024M) 29.409ms
[2020-11-06T23:38:43.065+0000][gc,cpu        ] GC(9) User=0.17s Sys=0.01s Real=0.03s
[2020-11-07T13:56:58.577+0000][gc,start      ] GC(10) Pause Young (Normal) (G1 Evacuation Pause)
[2020-11-07T13:56:58.578+0000][gc,task       ] GC(10) Using 8 workers of 8 for evacuation
[2020-11-07T13:56:58.584+0000][gc,phases     ] GC(10)   Pre Evacuate Collection Set: 0.0ms
[2020-11-07T13:56:58.585+0000][gc,phases     ] GC(10)   Evacuate Collection Set: 5.2ms
[2020-11-07T13:56:58.585+0000][gc,phases     ] GC(10)   Post Evacuate Collection Set: 1.0ms
[2020-11-07T13:56:58.585+0000][gc,phases     ] GC(10)   Other: 1.5ms
[2020-11-07T13:56:58.585+0000][gc,heap       ] GC(10) Eden regions: 48->0(48)
[2020-11-07T13:56:58.585+0000][gc,heap       ] GC(10) Survivor regions: 3->3(7)
[2020-11-07T13:56:58.585+0000][gc,heap       ] GC(10) Old regions: 13->13
[2020-11-07T13:56:58.585+0000][gc,heap       ] GC(10) Humongous regions: 129->129
[2020-11-07T13:56:58.585+0000][gc,metaspace  ] GC(10) Metaspace: 48497K->48497K(1093632K)
[2020-11-07T13:56:58.585+0000][gc            ] GC(10) Pause Young (Normal) (G1 Evacuation Pause) 192M->144M(1024M) 7.821ms
[2020-11-07T13:56:58.585+0000][gc,cpu        ] GC(10) User=0.04s Sys=0.00s Real=0.01s
[2020-11-07T14:23:40.560+0000][gc,start      ] GC(11) Pause Young (Normal) (G1 Evacuation Pause)
[2020-11-07T14:23:40.560+0000][gc,task       ] GC(11) Using 8 workers of 8 for evacuation
[2020-11-07T14:23:40.565+0000][gc,phases     ] GC(11)   Pre Evacuate Collection Set: 0.0ms
[2020-11-07T14:23:40.565+0000][gc,phases     ] GC(11)   Evacuate Collection Set: 4.1ms
[2020-11-07T14:23:40.565+0000][gc,phases     ] GC(11)   Post Evacuate Collection Set: 0.5ms
[2020-11-07T14:23:40.565+0000][gc,phases     ] GC(11)   Other: 0.3ms
[2020-11-07T14:23:40.565+0000][gc,heap       ] GC(11) Eden regions: 48->0(48)
[2020-11-07T14:23:40.565+0000][gc,heap       ] GC(11) Survivor regions: 3->3(7)
[2020-11-07T14:23:40.565+0000][gc,heap       ] GC(11) Old regions: 13->13
[2020-11-07T14:23:40.565+0000][gc,heap       ] GC(11) Humongous regions: 129->129
[2020-11-07T14:23:40.565+0000][gc,metaspace  ] GC(11) Metaspace: 48548K->48548K(1093632K)
[2020-11-07T14:23:40.565+0000][gc            ] GC(11) Pause Young (Normal) (G1 Evacuation Pause) 192M->144M(1024M) 5.060ms
[2020-11-07T14:23:40.565+0000][gc,cpu        ] GC(11) User=0.02s Sys=0.00s Real=0.00s
[2020-11-07T18:30:09.196+0000][gc,start      ] GC(12) Pause Young (Normal) (G1 Evacuation Pause)
[2020-11-07T18:30:09.197+0000][gc,task       ] GC(12) Using 8 workers of 8 for evacuation
[2020-11-07T18:30:09.221+0000][gc,mmu        ] GC(12) MMU target violated: 21.0ms (20.0ms/21.0ms)
[2020-11-07T18:30:09.221+0000][gc,phases     ] GC(12)   Pre Evacuate Collection Set: 2.9ms
[2020-11-07T18:30:09.221+0000][gc,phases     ] GC(12)   Evacuate Collection Set: 19.0ms
[2020-11-07T18:30:09.221+0000][gc,phases     ] GC(12)   Post Evacuate Collection Set: 0.6ms
[2020-11-07T18:30:09.221+0000][gc,phases     ] GC(12)   Other: 4.6ms
[2020-11-07T18:30:09.221+0000][gc,heap       ] GC(12) Eden regions: 48->0(48)
[2020-11-07T18:30:09.221+0000][gc,heap       ] GC(12) Survivor regions: 3->3(7)
[2020-11-07T18:30:09.221+0000][gc,heap       ] GC(12) Old regions: 13->13
[2020-11-07T18:30:09.221+0000][gc,heap       ] GC(12) Humongous regions: 129->129
[2020-11-07T18:30:09.221+0000][gc,metaspace  ] GC(12) Metaspace: 48559K->48559K(1093632K)
[2020-11-07T18:30:09.222+0000][gc            ] GC(12) Pause Young (Normal) (G1 Evacuation Pause) 192M->144M(1024M) 25.881ms
[2020-11-07T18:30:09.222+0000][gc,cpu        ] GC(12) User=0.05s Sys=0.07s Real=0.03s
[2020-11-07T21:46:46.902+0000][gc,start      ] GC(13) Pause Young (Normal) (G1 Evacuation Pause)
[2020-11-07T21:46:46.903+0000][gc,task       ] GC(13) Using 8 workers of 8 for evacuation
[2020-11-07T21:46:46.925+0000][gc,phases     ] GC(13)   Pre Evacuate Collection Set: 1.8ms
[2020-11-07T21:46:46.925+0000][gc,phases     ] GC(13)   Evacuate Collection Set: 17.2ms
[2020-11-07T21:46:46.925+0000][gc,phases     ] GC(13)   Post Evacuate Collection Set: 0.6ms
[2020-11-07T21:46:46.925+0000][gc,phases     ] GC(13)   Other: 4.2ms
[2020-11-07T21:46:46.925+0000][gc,heap       ] GC(13) Eden regions: 48->0(49)
[2020-11-07T21:46:46.925+0000][gc,heap       ] GC(13) Survivor regions: 3->3(7)
[2020-11-07T21:46:46.925+0000][gc,heap       ] GC(13) Old regions: 13->13
[2020-11-07T21:46:46.925+0000][gc,heap       ] GC(13) Humongous regions: 129->129
[2020-11-07T21:46:46.925+0000][gc,metaspace  ] GC(13) Metaspace: 48589K->48589K(1093632K)
[2020-11-07T21:46:46.927+0000][gc            ] GC(13) Pause Young (Normal) (G1 Evacuation Pause) 192M->144M(1024M) 24.463ms
[2020-11-07T21:46:46.927+0000][gc,cpu        ] GC(13) User=0.04s Sys=0.06s Real=0.02s
[2020-11-07T22:47:58.306+0000][gc,start      ] GC(14) Pause Young (Normal) (G1 Evacuation Pause)
[2020-11-07T22:47:58.306+0000][gc,task       ] GC(14) Using 8 workers of 8 for evacuation
[2020-11-07T22:47:58.312+0000][gc,phases     ] GC(14)   Pre Evacuate Collection Set: 0.0ms
[2020-11-07T22:47:58.312+0000][gc,phases     ] GC(14)   Evacuate Collection Set: 5.8ms
[2020-11-07T22:47:58.312+0000][gc,phases     ] GC(14)   Post Evacuate Collection Set: 0.5ms
[2020-11-07T22:47:58.312+0000][gc,phases     ] GC(14)   Other: 0.3ms
[2020-11-07T22:47:58.312+0000][gc,heap       ] GC(14) Eden regions: 49->0(49)
[2020-11-07T22:47:58.312+0000][gc,heap       ] GC(14) Survivor regions: 3->3(7)
[2020-11-07T22:47:58.312+0000][gc,heap       ] GC(14) Old regions: 13->13
[2020-11-07T22:47:58.312+0000][gc,heap       ] GC(14) Humongous regions: 129->129
[2020-11-07T22:47:58.312+0000][gc,metaspace  ] GC(14) Metaspace: 48597K->48597K(1093632K)
[2020-11-07T22:47:58.312+0000][gc            ] GC(14) Pause Young (Normal) (G1 Evacuation Pause) 193M->144M(1024M) 6.720ms
[2020-11-07T22:47:58.312+0000][gc,cpu        ] GC(14) User=0.02s Sys=0.01s Real=0.01s
[2020-11-09T09:23:44.264+0000][gc,start      ] GC(15) Pause Young (Normal) (G1 Evacuation Pause)
[2020-11-09T09:23:44.266+0000][gc,task       ] GC(15) Using 8 workers of 8 for evacuation
[2020-11-09T09:23:44.292+0000][gc,mmu        ] GC(15) MMU target violated: 21.0ms (20.0ms/21.0ms)
[2020-11-09T09:23:44.292+0000][gc,phases     ] GC(15)   Pre Evacuate Collection Set: 1.7ms
[2020-11-09T09:23:44.292+0000][gc,phases     ] GC(15)   Evacuate Collection Set: 17.8ms
[2020-11-09T09:23:44.292+0000][gc,phases     ] GC(15)   Post Evacuate Collection Set: 3.2ms
[2020-11-09T09:23:44.293+0000][gc,phases     ] GC(15)   Other: 11.1ms
[2020-11-09T09:23:44.293+0000][gc,heap       ] GC(15) Eden regions: 49->0(49)
[2020-11-09T09:23:44.293+0000][gc,heap       ] GC(15) Survivor regions: 3->3(7)
[2020-11-09T09:23:44.293+0000][gc,heap       ] GC(15) Old regions: 13->13
[2020-11-09T09:23:44.293+0000][gc,heap       ] GC(15) Humongous regions: 129->129
[2020-11-09T09:23:44.293+0000][gc,metaspace  ] GC(15) Metaspace: 48617K->48617K(1093632K)
[2020-11-09T09:23:44.293+0000][gc            ] GC(15) Pause Young (Normal) (G1 Evacuation Pause) 193M->144M(1024M) 30.552ms
[2020-11-09T09:23:44.293+0000][gc,cpu        ] GC(15) User=0.04s Sys=0.07s Real=0.03s
[2020-11-09T09:51:42.550+0000][gc,start      ] GC(16) Pause Young (Normal) (G1 Evacuation Pause)
[2020-11-09T09:51:42.551+0000][gc,task       ] GC(16) Using 8 workers of 8 for evacuation
[2020-11-09T09:51:42.554+0000][gc,phases     ] GC(16)   Pre Evacuate Collection Set: 0.0ms
[2020-11-09T09:51:42.554+0000][gc,phases     ] GC(16)   Evacuate Collection Set: 2.4ms
[2020-11-09T09:51:42.554+0000][gc,phases     ] GC(16)   Post Evacuate Collection Set: 0.3ms
[2020-11-09T09:51:42.554+0000][gc,phases     ] GC(16)   Other: 0.9ms
[2020-11-09T09:51:42.554+0000][gc,heap       ] GC(16) Eden regions: 49->0(52)
[2020-11-09T09:51:42.554+0000][gc,heap       ] GC(16) Survivor regions: 3->3(7)
[2020-11-09T09:51:42.554+0000][gc,heap       ] GC(16) Old regions: 13->13
[2020-11-09T09:51:42.554+0000][gc,heap       ] GC(16) Humongous regions: 129->129
[2020-11-09T09:51:42.554+0000][gc,metaspace  ] GC(16) Metaspace: 48637K->48637K(1093632K)
[2020-11-09T09:51:42.554+0000][gc            ] GC(16) Pause Young (Normal) (G1 Evacuation Pause) 193M->144M(1024M) 3.635ms
[2020-11-09T09:51:42.554+0000][gc,cpu        ] GC(16) User=0.02s Sys=0.00s Real=0.00s
[2020-11-09T10:21:30.995+0000][gc,start      ] GC(17) Pause Young (Normal) (G1 Evacuation Pause)
[2020-11-09T10:21:30.995+0000][gc,task       ] GC(17) Using 8 workers of 8 for evacuation
[2020-11-09T10:21:31.011+0000][gc,phases     ] GC(17)   Pre Evacuate Collection Set: 0.9ms
[2020-11-09T10:21:31.011+0000][gc,phases     ] GC(17)   Evacuate Collection Set: 13.3ms
[2020-11-09T10:21:31.011+0000][gc,phases     ] GC(17)   Post Evacuate Collection Set: 0.9ms
[2020-11-09T10:21:31.011+0000][gc,phases     ] GC(17)   Other: 0.8ms
[2020-11-09T10:21:31.011+0000][gc,heap       ] GC(17) Eden regions: 52->0(54)
[2020-11-09T10:21:31.011+0000][gc,heap       ] GC(17) Survivor regions: 3->3(7)
[2020-11-09T10:21:31.011+0000][gc,heap       ] GC(17) Old regions: 13->13
[2020-11-09T10:21:31.011+0000][gc,heap       ] GC(17) Humongous regions: 129->129
[2020-11-09T10:21:31.011+0000][gc,metaspace  ] GC(17) Metaspace: 48639K->48639K(1093632K)
[2020-11-09T10:21:31.011+0000][gc            ] GC(17) Pause Young (Normal) (G1 Evacuation Pause) 196M->144M(1024M) 16.010ms
[2020-11-09T10:21:31.011+0000][gc,cpu        ] GC(17) User=0.03s Sys=0.05s Real=0.02s
[2020-11-09T10:52:29.949+0000][gc,start      ] GC(18) Pause Young (Normal) (G1 Evacuation Pause)
[2020-11-09T10:52:29.949+0000][gc,task       ] GC(18) Using 8 workers of 8 for evacuation
[2020-11-09T10:52:29.963+0000][gc,phases     ] GC(18)   Pre Evacuate Collection Set: 0.9ms
[2020-11-09T10:52:29.963+0000][gc,phases     ] GC(18)   Evacuate Collection Set: 11.6ms
[2020-11-09T10:52:29.963+0000][gc,phases     ] GC(18)   Post Evacuate Collection Set: 1.0ms
[2020-11-09T10:52:29.963+0000][gc,phases     ] GC(18)   Other: 1.2ms
[2020-11-09T10:52:29.963+0000][gc,heap       ] GC(18) Eden regions: 54->0(56)
[2020-11-09T10:52:29.963+0000][gc,heap       ] GC(18) Survivor regions: 3->3(8)
[2020-11-09T10:52:29.963+0000][gc,heap       ] GC(18) Old regions: 13->13
[2020-11-09T10:52:29.963+0000][gc,heap       ] GC(18) Humongous regions: 129->129
[2020-11-09T10:52:29.963+0000][gc,metaspace  ] GC(18) Metaspace: 48639K->48639K(1093632K)
[2020-11-09T10:52:29.963+0000][gc            ] GC(18) Pause Young (Normal) (G1 Evacuation Pause) 198M->144M(1024M) 14.223ms
[2020-11-09T10:52:29.963+0000][gc,cpu        ] GC(18) User=0.03s Sys=0.04s Real=0.02s
[2020-11-09T11:24:37.640+0000][gc,start      ] GC(19) Pause Young (Normal) (G1 Evacuation Pause)
[2020-11-09T11:24:37.640+0000][gc,task       ] GC(19) Using 8 workers of 8 for evacuation
[2020-11-09T11:24:37.646+0000][gc,phases     ] GC(19)   Pre Evacuate Collection Set: 0.0ms
[2020-11-09T11:24:37.646+0000][gc,phases     ] GC(19)   Evacuate Collection Set: 4.2ms
[2020-11-09T11:24:37.646+0000][gc,phases     ] GC(19)   Post Evacuate Collection Set: 0.8ms
[2020-11-09T11:24:37.646+0000][gc,phases     ] GC(19)   Other: 0.9ms
[2020-11-09T11:24:37.646+0000][gc,heap       ] GC(19) Eden regions: 56->0(60)
[2020-11-09T11:24:37.646+0000][gc,heap       ] GC(19) Survivor regions: 3->3(8)
[2020-11-09T11:24:37.646+0000][gc,heap       ] GC(19) Old regions: 13->13
[2020-11-09T11:24:37.646+0000][gc,heap       ] GC(19) Humongous regions: 129->129
[2020-11-09T11:24:37.646+0000][gc,metaspace  ] GC(19) Metaspace: 48640K->48640K(1093632K)
[2020-11-09T11:24:37.646+0000][gc            ] GC(19) Pause Young (Normal) (G1 Evacuation Pause) 200M->144M(1024M) 6.396ms
[2020-11-09T11:24:37.646+0000][gc,cpu        ] GC(19) User=0.01s Sys=0.01s Real=0.00s
[2020-11-09T11:59:17.584+0000][gc,start      ] GC(20) Pause Young (Normal) (G1 Evacuation Pause)
[2020-11-09T11:59:17.585+0000][gc,task       ] GC(20) Using 8 workers of 8 for evacuation
[2020-11-09T11:59:17.601+0000][gc,phases     ] GC(20)   Pre Evacuate Collection Set: 1.7ms
[2020-11-09T11:59:17.601+0000][gc,phases     ] GC(20)   Evacuate Collection Set: 13.5ms
[2020-11-09T11:59:17.601+0000][gc,phases     ] GC(20)   Post Evacuate Collection Set: 0.5ms
[2020-11-09T11:59:17.601+0000][gc,phases     ] GC(20)   Other: 1.4ms
[2020-11-09T11:59:17.601+0000][gc,heap       ] GC(20) Eden regions: 60->0(63)
[2020-11-09T11:59:17.601+0000][gc,heap       ] GC(20) Survivor regions: 3->3(8)
[2020-11-09T11:59:17.601+0000][gc,heap       ] GC(20) Old regions: 13->13
[2020-11-09T11:59:17.602+0000][gc,heap       ] GC(20) Humongous regions: 129->129
[2020-11-09T11:59:17.602+0000][gc,metaspace  ] GC(20) Metaspace: 48649K->48649K(1093632K)
[2020-11-09T11:59:17.602+0000][gc            ] GC(20) Pause Young (Normal) (G1 Evacuation Pause) 204M->144M(1024M) 17.146ms
[2020-11-09T11:59:17.602+0000][gc,cpu        ] GC(20) User=0.04s Sys=0.04s Real=0.02s
[2020-11-09T12:41:55.605+0000][gc,start      ] GC(21) Pause Young (Normal) (G1 Evacuation Pause)
[2020-11-09T12:41:55.606+0000][gc,task       ] GC(21) Using 8 workers of 8 for evacuation
[2020-11-09T12:41:55.627+0000][gc,mmu        ] GC(21) MMU target violated: 21.0ms (20.0ms/21.0ms)
[2020-11-09T12:41:55.628+0000][gc,phases     ] GC(21)   Pre Evacuate Collection Set: 2.5ms
[2020-11-09T12:41:55.628+0000][gc,phases     ] GC(21)   Evacuate Collection Set: 17.1ms
[2020-11-09T12:41:55.628+0000][gc,phases     ] GC(21)   Post Evacuate Collection Set: 1.1ms
[2020-11-09T12:41:55.628+0000][gc,phases     ] GC(21)   Other: 2.0ms
[2020-11-09T12:41:55.628+0000][gc,heap       ] GC(21) Eden regions: 63->0(66)
[2020-11-09T12:41:55.628+0000][gc,heap       ] GC(21) Survivor regions: 3->2(9)
[2020-11-09T12:41:55.628+0000][gc,heap       ] GC(21) Old regions: 13->15
[2020-11-09T12:41:55.628+0000][gc,heap       ] GC(21) Humongous regions: 129->129
[2020-11-09T12:41:55.628+0000][gc,metaspace  ] GC(21) Metaspace: 48652K->48652K(1093632K)
[2020-11-09T12:41:55.628+0000][gc            ] GC(21) Pause Young (Normal) (G1 Evacuation Pause) 207M->144M(1024M) 22.565ms
[2020-11-09T12:41:55.628+0000][gc,cpu        ] GC(21) User=0.04s Sys=0.06s Real=0.02s
[2020-11-09T13:20:02.548+0000][gc,start      ] GC(22) Pause Young (Normal) (G1 Evacuation Pause)
[2020-11-09T13:20:02.549+0000][gc,task       ] GC(22) Using 8 workers of 8 for evacuation
[2020-11-09T13:20:02.561+0000][gc,phases     ] GC(22)   Pre Evacuate Collection Set: 1.9ms
[2020-11-09T13:20:02.561+0000][gc,phases     ] GC(22)   Evacuate Collection Set: 9.8ms
[2020-11-09T13:20:02.561+0000][gc,phases     ] GC(22)   Post Evacuate Collection Set: 0.4ms
[2020-11-09T13:20:02.561+0000][gc,phases     ] GC(22)   Other: 2.5ms
[2020-11-09T13:20:02.561+0000][gc,heap       ] GC(22) Eden regions: 66->0(329)
[2020-11-09T13:20:02.561+0000][gc,heap       ] GC(22) Survivor regions: 2->1(9)
[2020-11-09T13:20:02.561+0000][gc,heap       ] GC(22) Old regions: 15->16
[2020-11-09T13:20:02.561+0000][gc,heap       ] GC(22) Humongous regions: 129->129
[2020-11-09T13:20:02.561+0000][gc,metaspace  ] GC(22) Metaspace: 48653K->48653K(1093632K)
[2020-11-09T13:20:02.561+0000][gc            ] GC(22) Pause Young (Normal) (G1 Evacuation Pause) 210M->144M(1024M) 13.400ms
[2020-11-09T13:20:02.561+0000][gc,cpu        ] GC(22) User=0.02s Sys=0.04s Real=0.02s
[2020-11-09T16:32:40.797+0000][gc,start      ] GC(23) Pause Young (Normal) (G1 Evacuation Pause)
[2020-11-09T16:32:40.799+0000][gc,task       ] GC(23) Using 8 workers of 8 for evacuation
[2020-11-09T16:32:40.828+0000][gc,mmu        ] GC(23) MMU target violated: 21.0ms (20.0ms/21.0ms)
[2020-11-09T16:32:40.828+0000][gc,phases     ] GC(23)   Pre Evacuate Collection Set: 5.5ms
[2020-11-09T16:32:40.828+0000][gc,phases     ] GC(23)   Evacuate Collection Set: 17.5ms
[2020-11-09T16:32:40.828+0000][gc,phases     ] GC(23)   Post Evacuate Collection Set: 0.9ms
[2020-11-09T16:32:40.828+0000][gc,phases     ] GC(23)   Other: 8.6ms
[2020-11-09T16:32:40.828+0000][gc,heap       ] GC(23) Eden regions: 329->0(395)
[2020-11-09T16:32:40.828+0000][gc,heap       ] GC(23) Survivor regions: 1->1(42)
[2020-11-09T16:32:40.828+0000][gc,heap       ] GC(23) Old regions: 16->16
[2020-11-09T16:32:40.828+0000][gc,heap       ] GC(23) Humongous regions: 129->129
[2020-11-09T16:32:40.828+0000][gc,metaspace  ] GC(23) Metaspace: 48689K->48689K(1093632K)
[2020-11-09T16:32:40.828+0000][gc            ] GC(23) Pause Young (Normal) (G1 Evacuation Pause) 473M->144M(1024M) 31.523ms
[2020-11-09T16:32:40.828+0000][gc,cpu        ] GC(23) User=0.07s Sys=0.03s Real=0.03s
[2020-11-10T11:29:13.072+0000][gc,start      ] GC(24) Pause Young (Normal) (G1 Evacuation Pause)
[2020-11-10T11:29:13.073+0000][gc,task       ] GC(24) Using 8 workers of 8 for evacuation
[2020-11-10T11:29:13.106+0000][gc,mmu        ] GC(24) MMU target violated: 21.0ms (20.0ms/21.0ms)
[2020-11-10T11:29:13.106+0000][gc,phases     ] GC(24)   Pre Evacuate Collection Set: 5.6ms
[2020-11-10T11:29:13.106+0000][gc,phases     ] GC(24)   Evacuate Collection Set: 17.8ms
[2020-11-10T11:29:13.106+0000][gc,phases     ] GC(24)   Post Evacuate Collection Set: 4.0ms
[2020-11-10T11:29:13.107+0000][gc,phases     ] GC(24)   Other: 9.3ms
[2020-11-10T11:29:13.107+0000][gc,heap       ] GC(24) Eden regions: 395->0(421)
[2020-11-10T11:29:13.107+0000][gc,heap       ] GC(24) Survivor regions: 1->1(50)
[2020-11-10T11:29:13.107+0000][gc,heap       ] GC(24) Old regions: 16->16
[2020-11-10T11:29:13.107+0000][gc,heap       ] GC(24) Humongous regions: 129->129
[2020-11-10T11:29:13.108+0000][gc,metaspace  ] GC(24) Metaspace: 48695K->48695K(1093632K)
[2020-11-10T11:29:13.108+0000][gc            ] GC(24) Pause Young (Normal) (G1 Evacuation Pause) 539M->144M(1024M) 36.690ms
[2020-11-10T11:29:13.108+0000][gc,cpu        ] GC(24) User=0.05s Sys=0.03s Real=0.03s
[2020-11-10T16:08:02.054+0000][gc,start      ] GC(25) Pause Young (Normal) (G1 Evacuation Pause)
[2020-11-10T16:08:02.056+0000][gc,task       ] GC(25) Using 8 workers of 8 for evacuation
[2020-11-10T16:08:02.112+0000][gc,mmu        ] GC(25) MMU target violated: 21.0ms (20.0ms/21.0ms)
[2020-11-10T16:08:02.112+0000][gc,phases     ] GC(25)   Pre Evacuate Collection Set: 7.4ms
[2020-11-10T16:08:02.112+0000][gc,phases     ] GC(25)   Evacuate Collection Set: 39.3ms
[2020-11-10T16:08:02.112+0000][gc,phases     ] GC(25)   Post Evacuate Collection Set: 3.7ms
[2020-11-10T16:08:02.112+0000][gc,phases     ] GC(25)   Other: 9.9ms
[2020-11-10T16:08:02.112+0000][gc,heap       ] GC(25) Eden regions: 421->0(328)
[2020-11-10T16:08:02.112+0000][gc,heap       ] GC(25) Survivor regions: 1->1(53)
[2020-11-10T16:08:02.112+0000][gc,heap       ] GC(25) Old regions: 16->16
[2020-11-10T16:08:02.112+0000][gc,heap       ] GC(25) Humongous regions: 129->129
[2020-11-10T16:08:02.112+0000][gc,metaspace  ] GC(25) Metaspace: 48708K->48708K(1093632K)
[2020-11-10T16:08:02.112+0000][gc            ] GC(25) Pause Young (Normal) (G1 Evacuation Pause) 565M->144M(1024M) 57.925ms
[2020-11-10T16:08:02.112+0000][gc,cpu        ] GC(25) User=0.11s Sys=0.06s Real=0.06s
[2020-11-10T18:01:38.246+0000][gc,heap,exit  ] Heap
[2020-11-10T18:01:38.246+0000][gc,heap,exit  ]  garbage-first heap   total 1048576K, used 298655K [0x00000007c0000000, 0x0000000800000000)
[2020-11-10T18:01:38.246+0000][gc,heap,exit  ]   region size 1024K, 150 young (153600K), 1 survivors (1024K)
[2020-11-10T18:01:38.246+0000][gc,heap,exit  ]  Metaspace       used 48821K, capacity 51046K, committed 51376K, reserved 1093632K
[2020-11-10T18:01:38.246+0000][gc,heap,exit  ]   class space    used 5724K, capacity 6801K, committed 6912K, reserved 1048576K
