[2020-11-01T14:17:34.398+0000][gc,heap] Heap region size: 1M
[2020-11-01T14:17:34.404+0000][gc     ] Using G1
[2020-11-01T14:17:34.404+0000][gc,heap,coops] Heap address: 0x00000007c0000000, size: 1024 MB, Compressed Oops mode: Zero based, Oop shift amount: 3
[2020-11-01T14:17:35.191+0000][gc,start     ] GC(0) Pause Young (Concurrent Start) (Metadata GC Threshold)
[2020-11-01T14:17:35.192+0000][gc,task      ] GC(0) Using 8 workers of 8 for evacuation
[2020-11-01T14:17:35.198+0000][gc,phases    ] GC(0)   Pre Evacuate Collection Set: 0.0ms
[2020-11-01T14:17:35.198+0000][gc,phases    ] GC(0)   Evacuate Collection Set: 5.5ms
[2020-11-01T14:17:35.198+0000][gc,phases    ] GC(0)   Post Evacuate Collection Set: 0.3ms
[2020-11-01T14:17:35.198+0000][gc,phases    ] GC(0)   Other: 0.5ms
[2020-11-01T14:17:35.198+0000][gc,heap      ] GC(0) Eden regions: 41->0(44)
[2020-11-01T14:17:35.198+0000][gc,heap      ] GC(0) Survivor regions: 0->7(7)
[2020-11-01T14:17:35.198+0000][gc,heap      ] GC(0) Old regions: 0->0
[2020-11-01T14:17:35.198+0000][gc,heap      ] GC(0) Humongous regions: 0->0
[2020-11-01T14:17:35.198+0000][gc,metaspace ] GC(0) Metaspace: 20669K->20669K(1069056K)
[2020-11-01T14:17:35.198+0000][gc           ] GC(0) Pause Young (Concurrent Start) (Metadata GC Threshold) 41M->6M(1024M) 6.501ms
[2020-11-01T14:17:35.198+0000][gc,cpu       ] GC(0) User=0.02s Sys=0.00s Real=0.00s
[2020-11-01T14:17:35.198+0000][gc           ] GC(1) Concurrent Cycle
[2020-11-01T14:17:35.198+0000][gc,marking   ] GC(1) Concurrent Clear Claimed Marks
[2020-11-01T14:17:35.198+0000][gc,marking   ] GC(1) Concurrent Clear Claimed Marks 0.019ms
[2020-11-01T14:17:35.198+0000][gc,marking   ] GC(1) Concurrent Scan Root Regions
[2020-11-01T14:17:35.199+0000][gc,marking   ] GC(1) Concurrent Scan Root Regions 1.191ms
[2020-11-01T14:17:35.199+0000][gc,marking   ] GC(1) Concurrent Mark (0.809s)
[2020-11-01T14:17:35.199+0000][gc,marking   ] GC(1) Concurrent Mark From Roots
[2020-11-01T14:17:35.199+0000][gc,task      ] GC(1) Using 2 workers of 2 for marking
[2020-11-01T14:17:35.199+0000][gc,marking   ] GC(1) Concurrent Mark From Roots 0.125ms
[2020-11-01T14:17:35.199+0000][gc,marking   ] GC(1) Concurrent Preclean
[2020-11-01T14:17:35.199+0000][gc,marking   ] GC(1) Concurrent Preclean 0.021ms
[2020-11-01T14:17:35.199+0000][gc,marking   ] GC(1) Concurrent Mark (0.809s, 0.809s) 0.173ms
[2020-11-01T14:17:35.199+0000][gc,start     ] GC(1) Pause Remark
[2020-11-01T14:17:35.200+0000][gc,stringtable] GC(1) Cleaned string and symbol table, strings: 7385 processed, 0 removed, symbols: 63755 processed, 28 removed
[2020-11-01T14:17:35.201+0000][gc            ] GC(1) Pause Remark 6M->6M(1024M) 1.189ms
[2020-11-01T14:17:35.201+0000][gc,cpu        ] GC(1) User=0.01s Sys=0.00s Real=0.01s
[2020-11-01T14:17:35.201+0000][gc,marking    ] GC(1) Concurrent Rebuild Remembered Sets
[2020-11-01T14:17:35.201+0000][gc,marking    ] GC(1) Concurrent Rebuild Remembered Sets 0.049ms
[2020-11-01T14:17:35.201+0000][gc,start      ] GC(1) Pause Cleanup
[2020-11-01T14:17:35.201+0000][gc            ] GC(1) Pause Cleanup 6M->6M(1024M) 0.095ms
[2020-11-01T14:17:35.201+0000][gc,cpu        ] GC(1) User=0.00s Sys=0.00s Real=0.00s
[2020-11-01T14:17:35.201+0000][gc,marking    ] GC(1) Concurrent Cleanup for Next Mark
[2020-11-01T14:17:35.206+0000][gc,marking    ] GC(1) Concurrent Cleanup for Next Mark 5.490ms
[2020-11-01T14:17:35.206+0000][gc            ] GC(1) Concurrent Cycle 8.554ms
[2020-11-01T14:17:36.099+0000][gc,start      ] GC(2) Pause Young (Normal) (G1 Evacuation Pause)
[2020-11-01T14:17:36.099+0000][gc,task       ] GC(2) Using 8 workers of 8 for evacuation
[2020-11-01T14:17:36.104+0000][gc,phases     ] GC(2)   Pre Evacuate Collection Set: 0.0ms
[2020-11-01T14:17:36.104+0000][gc,phases     ] GC(2)   Evacuate Collection Set: 4.4ms
[2020-11-01T14:17:36.104+0000][gc,phases     ] GC(2)   Post Evacuate Collection Set: 0.4ms
[2020-11-01T14:17:36.104+0000][gc,phases     ] GC(2)   Other: 0.1ms
[2020-11-01T14:17:36.104+0000][gc,heap       ] GC(2) Eden regions: 44->0(49)
[2020-11-01T14:17:36.104+0000][gc,heap       ] GC(2) Survivor regions: 7->2(7)
[2020-11-01T14:17:36.104+0000][gc,heap       ] GC(2) Old regions: 0->7
[2020-11-01T14:17:36.104+0000][gc,heap       ] GC(2) Humongous regions: 0->0
[2020-11-01T14:17:36.104+0000][gc,metaspace  ] GC(2) Metaspace: 29319K->29319K(1075200K)
[2020-11-01T14:17:36.104+0000][gc            ] GC(2) Pause Young (Normal) (G1 Evacuation Pause) 50M->8M(1024M) 4.982ms
[2020-11-01T14:17:36.104+0000][gc,cpu        ] GC(2) User=0.03s Sys=0.01s Real=0.01s
[2020-11-01T14:17:36.397+0000][gc,start      ] GC(3) Pause Young (Concurrent Start) (Metadata GC Threshold)
[2020-11-01T14:17:36.397+0000][gc,task       ] GC(3) Using 8 workers of 8 for evacuation
[2020-11-01T14:17:36.399+0000][gc,phases     ] GC(3)   Pre Evacuate Collection Set: 0.1ms
[2020-11-01T14:17:36.399+0000][gc,phases     ] GC(3)   Evacuate Collection Set: 1.5ms
[2020-11-01T14:17:36.399+0000][gc,phases     ] GC(3)   Post Evacuate Collection Set: 0.2ms
[2020-11-01T14:17:36.399+0000][gc,phases     ] GC(3)   Other: 0.2ms
[2020-11-01T14:17:36.399+0000][gc,heap       ] GC(3) Eden regions: 26->0(47)
[2020-11-01T14:17:36.399+0000][gc,heap       ] GC(3) Survivor regions: 2->4(7)
[2020-11-01T14:17:36.399+0000][gc,heap       ] GC(3) Old regions: 7->7
[2020-11-01T14:17:36.399+0000][gc,heap       ] GC(3) Humongous regions: 129->129
[2020-11-01T14:17:36.399+0000][gc,metaspace  ] GC(3) Metaspace: 34657K->34657K(1081344K)
[2020-11-01T14:17:36.399+0000][gc            ] GC(3) Pause Young (Concurrent Start) (Metadata GC Threshold) 163M->138M(1024M) 1.971ms
[2020-11-01T14:17:36.399+0000][gc,cpu        ] GC(3) User=0.01s Sys=0.00s Real=0.00s
[2020-11-01T14:17:36.399+0000][gc            ] GC(4) Concurrent Cycle
[2020-11-01T14:17:36.399+0000][gc,marking    ] GC(4) Concurrent Clear Claimed Marks
[2020-11-01T14:17:36.399+0000][gc,marking    ] GC(4) Concurrent Clear Claimed Marks 0.019ms
[2020-11-01T14:17:36.399+0000][gc,marking    ] GC(4) Concurrent Scan Root Regions
[2020-11-01T14:17:36.401+0000][gc,marking    ] GC(4) Concurrent Scan Root Regions 1.134ms
[2020-11-01T14:17:36.401+0000][gc,marking    ] GC(4) Concurrent Mark (2.011s)
[2020-11-01T14:17:36.401+0000][gc,marking    ] GC(4) Concurrent Mark From Roots
[2020-11-01T14:17:36.401+0000][gc,task       ] GC(4) Using 2 workers of 2 for marking
[2020-11-01T14:17:36.405+0000][gc,marking    ] GC(4) Concurrent Mark From Roots 4.614ms
[2020-11-01T14:17:36.405+0000][gc,marking    ] GC(4) Concurrent Preclean
[2020-11-01T14:17:36.405+0000][gc,marking    ] GC(4) Concurrent Preclean 0.065ms
[2020-11-01T14:17:36.405+0000][gc,marking    ] GC(4) Concurrent Mark (2.011s, 2.015s) 4.758ms
[2020-11-01T14:17:36.406+0000][gc,start      ] GC(4) Pause Remark
[2020-11-01T14:17:36.407+0000][gc,stringtable] GC(4) Cleaned string and symbol table, strings: 11148 processed, 7 removed, symbols: 95070 processed, 17 removed
[2020-11-01T14:17:36.407+0000][gc            ] GC(4) Pause Remark 139M->139M(1024M) 1.919ms
[2020-11-01T14:17:36.407+0000][gc,cpu        ] GC(4) User=0.02s Sys=0.00s Real=0.00s
[2020-11-01T14:17:36.408+0000][gc,marking    ] GC(4) Concurrent Rebuild Remembered Sets
[2020-11-01T14:17:36.410+0000][gc,marking    ] GC(4) Concurrent Rebuild Remembered Sets 2.014ms
[2020-11-01T14:17:36.410+0000][gc,start      ] GC(4) Pause Cleanup
[2020-11-01T14:17:36.410+0000][gc            ] GC(4) Pause Cleanup 139M->139M(1024M) 0.157ms
[2020-11-01T14:17:36.410+0000][gc,cpu        ] GC(4) User=0.00s Sys=0.00s Real=0.00s
[2020-11-01T14:17:36.410+0000][gc,marking    ] GC(4) Concurrent Cleanup for Next Mark
[2020-11-01T14:17:36.414+0000][gc,marking    ] GC(4) Concurrent Cleanup for Next Mark 4.237ms
[2020-11-01T14:17:36.414+0000][gc            ] GC(4) Concurrent Cycle 14.750ms
[2020-11-01T14:17:36.878+0000][gc,start      ] GC(5) Pause Young (Normal) (G1 Evacuation Pause)
[2020-11-01T14:17:36.878+0000][gc,task       ] GC(5) Using 8 workers of 8 for evacuation
[2020-11-01T14:17:36.883+0000][gc,phases     ] GC(5)   Pre Evacuate Collection Set: 0.0ms
[2020-11-01T14:17:36.883+0000][gc,phases     ] GC(5)   Evacuate Collection Set: 4.4ms
[2020-11-01T14:17:36.883+0000][gc,phases     ] GC(5)   Post Evacuate Collection Set: 0.4ms
[2020-11-01T14:17:36.883+0000][gc,phases     ] GC(5)   Other: 0.1ms
[2020-11-01T14:17:36.883+0000][gc,heap       ] GC(5) Eden regions: 47->0(44)
[2020-11-01T14:17:36.883+0000][gc,heap       ] GC(5) Survivor regions: 4->7(7)
[2020-11-01T14:17:36.883+0000][gc,heap       ] GC(5) Old regions: 7->7
[2020-11-01T14:17:36.883+0000][gc,heap       ] GC(5) Humongous regions: 129->129
[2020-11-01T14:17:36.883+0000][gc,metaspace  ] GC(5) Metaspace: 42962K->42962K(1089536K)
[2020-11-01T14:17:36.883+0000][gc            ] GC(5) Pause Young (Normal) (G1 Evacuation Pause) 185M->142M(1024M) 5.121ms
[2020-11-01T14:17:36.883+0000][gc,cpu        ] GC(5) User=0.04s Sys=0.00s Real=0.01s
[2020-11-01T14:21:33.363+0000][gc,heap,exit  ] Heap
[2020-11-01T14:21:33.364+0000][gc,heap,exit  ]  garbage-first heap   total 1048576K, used 190478K [0x00000007c0000000, 0x0000000800000000)
[2020-11-01T14:21:33.364+0000][gc,heap,exit  ]   region size 1024K, 41 young (41984K), 7 survivors (7168K)
[2020-11-01T14:21:33.364+0000][gc,heap,exit  ]  Metaspace       used 46851K, capacity 48903K, committed 49200K, reserved 1091584K
[2020-11-01T14:21:33.364+0000][gc,heap,exit  ]   class space    used 5461K, capacity 6407K, committed 6528K, reserved 1048576K
