[2020-11-06T15:36:10.036+0000][gc,heap] Heap region size: 1M
[2020-11-06T15:36:10.045+0000][gc     ] Using G1
[2020-11-06T15:36:10.046+0000][gc,heap,coops] Heap address: 0x00000007e0000000, size: 512 MB, Compressed Oops mode: Zero based, Oop shift amount: 3
[2020-11-06T15:36:11.616+0000][gc,start     ] GC(0) Pause Young (Normal) (G1 Evacuation Pause)
[2020-11-06T15:36:11.616+0000][gc,task      ] GC(0) Using 8 workers of 8 for evacuation
[2020-11-06T15:36:11.626+0000][gc,phases    ] GC(0)   Pre Evacuate Collection Set: 0.0ms
[2020-11-06T15:36:11.626+0000][gc,phases    ] GC(0)   Evacuate Collection Set: 7.8ms
[2020-11-06T15:36:11.626+0000][gc,phases    ] GC(0)   Post Evacuate Collection Set: 1.5ms
[2020-11-06T15:36:11.626+0000][gc,phases    ] GC(0)   Other: 0.6ms
[2020-11-06T15:36:11.626+0000][gc,heap      ] GC(0) Eden regions: 25->0(21)
[2020-11-06T15:36:11.626+0000][gc,heap      ] GC(0) Survivor regions: 0->4(4)
[2020-11-06T15:36:11.626+0000][gc,heap      ] GC(0) Old regions: 0->2
[2020-11-06T15:36:11.626+0000][gc,heap      ] GC(0) Humongous regions: 0->0
[2020-11-06T15:36:11.626+0000][gc,metaspace ] GC(0) Metaspace: 15324K->15324K(1062912K)
[2020-11-06T15:36:11.627+0000][gc           ] GC(0) Pause Young (Normal) (G1 Evacuation Pause) 25M->5M(512M) 11.315ms
[2020-11-06T15:36:11.627+0000][gc,cpu       ] GC(0) User=0.03s Sys=0.01s Real=0.01s
[2020-11-06T15:43:12.884+0000][gc,heap,exit ] Heap
[2020-11-06T15:43:12.884+0000][gc,heap,exit ]  garbage-first heap   total 524288K, used 12033K [0x00000007e0000000, 0x0000000800000000)
[2020-11-06T15:43:12.884+0000][gc,heap,exit ]   region size 1024K, 11 young (11264K), 4 survivors (4096K)
[2020-11-06T15:43:12.884+0000][gc,heap,exit ]  Metaspace       used 15823K, capacity 16126K, committed 16384K, reserved 1064960K
[2020-11-06T15:43:12.884+0000][gc,heap,exit ]   class space    used 1589K, capacity 1710K, committed 1792K, reserved 1048576K
