[2020-11-06T13:51:46.911+0000][gc,heap] Heap region size: 1M
[2020-11-06T13:51:46.915+0000][gc     ] Using G1
[2020-11-06T13:51:46.915+0000][gc,heap,coops] Heap address: 0x00000007e0000000, size: 512 MB, Compressed Oops mode: Zero based, Oop shift amount: 3
[2020-11-06T13:51:48.131+0000][gc,start     ] GC(0) Pause Young (Normal) (G1 Evacuation Pause)
[2020-11-06T13:51:48.132+0000][gc,task      ] GC(0) Using 8 workers of 8 for evacuation
[2020-11-06T13:51:48.136+0000][gc,phases    ] GC(0)   Pre Evacuate Collection Set: 0.0ms
[2020-11-06T13:51:48.136+0000][gc,phases    ] GC(0)   Evacuate Collection Set: 3.7ms
[2020-11-06T13:51:48.136+0000][gc,phases    ] GC(0)   Post Evacuate Collection Set: 0.4ms
[2020-11-06T13:51:48.136+0000][gc,phases    ] GC(0)   Other: 0.6ms
[2020-11-06T13:51:48.136+0000][gc,heap      ] GC(0) Eden regions: 25->0(21)
[2020-11-06T13:51:48.136+0000][gc,heap      ] GC(0) Survivor regions: 0->4(4)
[2020-11-06T13:51:48.136+0000][gc,heap      ] GC(0) Old regions: 0->2
[2020-11-06T13:51:48.136+0000][gc,heap      ] GC(0) Humongous regions: 0->0
[2020-11-06T13:51:48.136+0000][gc,metaspace ] GC(0) Metaspace: 15248K->15248K(1062912K)
[2020-11-06T13:51:48.136+0000][gc           ] GC(0) Pause Young (Normal) (G1 Evacuation Pause) 25M->5M(512M) 4.749ms
[2020-11-06T13:51:48.136+0000][gc,cpu       ] GC(0) User=0.02s Sys=0.01s Real=0.00s
[2020-11-06T14:07:05.819+0000][gc,heap,exit ] Heap
[2020-11-06T14:07:05.819+0000][gc,heap,exit ]  garbage-first heap   total 524288K, used 12054K [0x00000007e0000000, 0x0000000800000000)
[2020-11-06T14:07:05.819+0000][gc,heap,exit ]   region size 1024K, 11 young (11264K), 4 survivors (4096K)
[2020-11-06T14:07:05.819+0000][gc,heap,exit ]  Metaspace       used 16002K, capacity 16378K, committed 16640K, reserved 1064960K
[2020-11-06T14:07:05.819+0000][gc,heap,exit ]   class space    used 1589K, capacity 1710K, committed 1792K, reserved 1048576K
