[2020-11-06T14:27:34.221+0000][gc,heap] Heap region size: 1M
[2020-11-06T14:27:34.225+0000][gc     ] Using G1
[2020-11-06T14:27:34.225+0000][gc,heap,coops] Heap address: 0x00000007e0000000, size: 512 MB, Compressed Oops mode: Zero based, Oop shift amount: 3
[2020-11-06T14:27:42.480+0000][gc,start     ] GC(0) Pause Young (Normal) (G1 Evacuation Pause)
[2020-11-06T14:27:42.481+0000][gc,task      ] GC(0) Using 8 workers of 8 for evacuation
[2020-11-06T14:27:42.485+0000][gc,phases    ] GC(0)   Pre Evacuate Collection Set: 0.0ms
[2020-11-06T14:27:42.485+0000][gc,phases    ] GC(0)   Evacuate Collection Set: 4.2ms
[2020-11-06T14:27:42.485+0000][gc,phases    ] GC(0)   Post Evacuate Collection Set: 0.4ms
[2020-11-06T14:27:42.485+0000][gc,phases    ] GC(0)   Other: 0.8ms
[2020-11-06T14:27:42.485+0000][gc,heap      ] GC(0) Eden regions: 25->0(21)
[2020-11-06T14:27:42.485+0000][gc,heap      ] GC(0) Survivor regions: 0->4(4)
[2020-11-06T14:27:42.485+0000][gc,heap      ] GC(0) Old regions: 0->2
[2020-11-06T14:27:42.485+0000][gc,heap      ] GC(0) Humongous regions: 0->0
[2020-11-06T14:27:42.486+0000][gc,metaspace ] GC(0) Metaspace: 15160K->15160K(1062912K)
[2020-11-06T14:27:42.486+0000][gc           ] GC(0) Pause Young (Normal) (G1 Evacuation Pause) 25M->5M(512M) 5.533ms
[2020-11-06T14:27:42.486+0000][gc,cpu       ] GC(0) User=0.03s Sys=0.01s Real=0.00s
[2020-11-06T14:31:29.559+0000][gc,heap,exit ] Heap
[2020-11-06T14:31:29.560+0000][gc,heap,exit ]  garbage-first heap   total 524288K, used 10859K [0x00000007e0000000, 0x0000000800000000)
[2020-11-06T14:31:29.560+0000][gc,heap,exit ]   region size 1024K, 10 young (10240K), 4 survivors (4096K)
[2020-11-06T14:31:29.560+0000][gc,heap,exit ]  Metaspace       used 15793K, capacity 16126K, committed 16384K, reserved 1064960K
[2020-11-06T14:31:29.560+0000][gc,heap,exit ]   class space    used 1589K, capacity 1710K, committed 1792K, reserved 1048576K
